Constructor called
WARNING: physical memory size is smaller than virtual memory size.

*** ChampSim Multicore Out-of-Order Simulator ***
Warmup Instructions: 25000000
Simulation Instructions: 25000000
Number of CPUs: 1
Page size: 4096

Constructor called
Off-chip DRAM Size: 4 GiB Channels: 1 Width: 64-bit Data Race: 3200 MT/s
Heartbeat CPU 0 instructions: 10000000 cycles: 3085583 heartbeat IPC: 3.241 cumulative IPC: 3.241 (Simulation time: 00 hr 00 min 24 sec)
Heartbeat CPU 0 instructions: 20000003 cycles: 5589124 heartbeat IPC: 3.994 cumulative IPC: 3.578 (Simulation time: 00 hr 00 min 48 sec)
Warmup finished CPU 0 instructions: 25000003 cycles: 6840542 cumulative IPC: 3.655 (Simulation time: 00 hr 00 min 59 sec)
Warmup complete CPU 0 instructions: 25000003 cycles: 6840542 cumulative IPC: 3.655 (Simulation time: 00 hr 00 min 59 sec)
Heartbeat CPU 0 instructions: 30000000 cycles: 38168037 heartbeat IPC: 0.3069 cumulative IPC: 0.1596 (Simulation time: 00 hr 02 min 50 sec)
Heartbeat CPU 0 instructions: 40000000 cycles: 103165866 heartbeat IPC: 0.1539 cumulative IPC: 0.1557 (Simulation time: 00 hr 06 min 38 sec)
Heartbeat CPU 0 instructions: 50000001 cycles: 168891923 heartbeat IPC: 0.1521 cumulative IPC: 0.1543 (Simulation time: 00 hr 10 min 29 sec)
Simulation finished CPU 0 instructions: 25000003 cycles: 162051383 cumulative IPC: 0.1543 (Simulation time: 00 hr 10 min 29 sec)
Simulation complete CPU 0 instructions: 25000003 cycles: 162051383 cumulative IPC: 0.1543 (Simulation time: 00 hr 10 min 29 sec)

ChampSim completed all CPUs

=== Simulation ===
CPU 0 runs ../../../traces/bc-0.trace.gz
Region of Interest Statistics

CPU 0 cumulative IPC: 0.1543 instructions: 25000003 cycles: 162051383
CPU 0 Branch Prediction Accuracy: 85.55% MPKI: 27.28 Average ROB Occupancy at Mispredict: 28.64
Branch type MPKI
BRANCH_DIRECT_JUMP: 0
BRANCH_INDIRECT: 0
BRANCH_CONDITIONAL: 27.3
BRANCH_DIRECT_CALL: 0
BRANCH_INDIRECT_CALL: 0
BRANCH_RETURN: 0

LLC TOTAL        ACCESS:    2690590 HIT:     816197 MISS:    1874393
LLC LOAD         ACCESS:     786964 HIT:     786956 MISS:          8
LLC RFO          ACCESS:        842 HIT:        842 MISS:          0
LLC PREFETCH     ACCESS:          0 HIT:          0 MISS:          0
LLC WRITE        ACCESS:    1874385 HIT:          0 MISS:    1874385
LLC TRANSLATION  ACCESS:      28399 HIT:      28399 MISS:          0
LLC PREFETCH REQUESTED:          0 ISSUED:          0 USEFUL:          0 USELESS:          0
LLC AVERAGE MISS LATENCY: 9.841e+12 cycles
cpu0_DTLB TOTAL        ACCESS:    6840791 HIT:    5873982 MISS:     966809
cpu0_DTLB LOAD         ACCESS:    6840791 HIT:    5873982 MISS:     966809
cpu0_DTLB RFO          ACCESS:          0 HIT:          0 MISS:          0
cpu0_DTLB PREFETCH     ACCESS:          0 HIT:          0 MISS:          0
cpu0_DTLB WRITE        ACCESS:          0 HIT:          0 MISS:          0
cpu0_DTLB TRANSLATION  ACCESS:          0 HIT:          0 MISS:          0
cpu0_DTLB PREFETCH REQUESTED:          0 ISSUED:          0 USEFUL:          0 USELESS:          0
cpu0_DTLB AVERAGE MISS LATENCY: 11.33 cycles
cpu0_ITLB TOTAL        ACCESS:          0 HIT:          0 MISS:          0
cpu0_ITLB LOAD         ACCESS:          0 HIT:          0 MISS:          0
cpu0_ITLB RFO          ACCESS:          0 HIT:          0 MISS:          0
cpu0_ITLB PREFETCH     ACCESS:          0 HIT:          0 MISS:          0
cpu0_ITLB WRITE        ACCESS:          0 HIT:          0 MISS:          0
cpu0_ITLB TRANSLATION  ACCESS:          0 HIT:          0 MISS:          0
cpu0_ITLB PREFETCH REQUESTED:          0 ISSUED:          0 USEFUL:          0 USELESS:          0
cpu0_ITLB AVERAGE MISS LATENCY: -nan cycles
cpu0_L1D TOTAL        ACCESS:    8194919 HIT:    5739127 MISS:    2455792
cpu0_L1D LOAD         ACCESS:    6540190 HIT:    4257687 MISS:    2282503
cpu0_L1D RFO          ACCESS:          0 HIT:          0 MISS:          0
cpu0_L1D PREFETCH     ACCESS:          0 HIT:          0 MISS:          0
cpu0_L1D WRITE        ACCESS:    1318210 HIT:    1291710 MISS:      26500
cpu0_L1D TRANSLATION  ACCESS:     336519 HIT:     189730 MISS:     146789
cpu0_L1D PREFETCH REQUESTED:          0 ISSUED:          0 USEFUL:          0 USELESS:          0
cpu0_L1D AVERAGE MISS LATENCY: 152 cycles
cpu0_L1I TOTAL        ACCESS:          0 HIT:          0 MISS:          0
cpu0_L1I LOAD         ACCESS:          0 HIT:          0 MISS:          0
cpu0_L1I RFO          ACCESS:          0 HIT:          0 MISS:          0
cpu0_L1I PREFETCH     ACCESS:          0 HIT:          0 MISS:          0
cpu0_L1I WRITE        ACCESS:          0 HIT:          0 MISS:          0
cpu0_L1I TRANSLATION  ACCESS:          0 HIT:          0 MISS:          0
cpu0_L1I PREFETCH REQUESTED:          0 ISSUED:          0 USEFUL:          0 USELESS:          0
cpu0_L1I AVERAGE MISS LATENCY: -nan cycles
cpu0_L2C TOTAL        ACCESS:    2591870 HIT:     358725 MISS:    2233145
cpu0_L2C LOAD         ACCESS:     243219 HIT:     243090 MISS:        129
cpu0_L2C RFO          ACCESS:        117 HIT:        117 MISS:          0
cpu0_L2C PREFETCH     ACCESS:          0 HIT:          0 MISS:          0
cpu0_L2C WRITE        ACCESS:    2233014 HIT:          0 MISS:    2233014
cpu0_L2C TRANSLATION  ACCESS:     115520 HIT:     115518 MISS:          2
cpu0_L2C PREFETCH REQUESTED:          0 ISSUED:          0 USEFUL:          0 USELESS:          0
cpu0_L2C AVERAGE MISS LATENCY: 8.26e+12 cycles
cpu0_STLB TOTAL        ACCESS:     732664 HIT:     396162 MISS:     336502
cpu0_STLB LOAD         ACCESS:     732664 HIT:     396162 MISS:     336502
cpu0_STLB RFO          ACCESS:          0 HIT:          0 MISS:          0
cpu0_STLB PREFETCH     ACCESS:          0 HIT:          0 MISS:          0
cpu0_STLB WRITE        ACCESS:          0 HIT:          0 MISS:          0
cpu0_STLB TRANSLATION  ACCESS:          0 HIT:          0 MISS:          0
cpu0_STLB PREFETCH REQUESTED:          0 ISSUED:          0 USEFUL:          0 USELESS:          0
cpu0_STLB AVERAGE MISS LATENCY: 16.32 cycles

DRAM Statistics

Channel 0 RQ ROW_BUFFER_HIT:      93553
  ROW_BUFFER_MISS:     963681
 AVG DBUS CONGESTED CYCLE: 3.974
WQ ROW_BUFFER_HIT: Channel 0 
  ROW_BUFFER_MISS:      10820
  FULL:    1047416
