Constructor called
WARNING: physical memory size is smaller than virtual memory size.

*** ChampSim Multicore Out-of-Order Simulator ***
Warmup Instructions: 25000000
Simulation Instructions: 25000000
Number of CPUs: 1
Page size: 4096

Constructor called
Off-chip DRAM Size: 4 GiB Channels: 1 Width: 64-bit Data Race: 3200 MT/s
Heartbeat CPU 0 instructions: 10000003 cycles: 3085201 heartbeat IPC: 3.241 cumulative IPC: 3.241 (Simulation time: 00 hr 00 min 25 sec)
Heartbeat CPU 0 instructions: 20000001 cycles: 5588031 heartbeat IPC: 3.995 cumulative IPC: 3.579 (Simulation time: 00 hr 00 min 49 sec)
Warmup finished CPU 0 instructions: 25000003 cycles: 6839452 cumulative IPC: 3.655 (Simulation time: 00 hr 01 min 01 sec)
Warmup complete CPU 0 instructions: 25000003 cycles: 6839452 cumulative IPC: 3.655 (Simulation time: 00 hr 01 min 01 sec)
Heartbeat CPU 0 instructions: 30000003 cycles: 39399254 heartbeat IPC: 0.2958 cumulative IPC: 0.1536 (Simulation time: 00 hr 02 min 55 sec)
Heartbeat CPU 0 instructions: 40000003 cycles: 105301242 heartbeat IPC: 0.1517 cumulative IPC: 0.1523 (Simulation time: 00 hr 06 min 48 sec)
Heartbeat CPU 0 instructions: 50000003 cycles: 173068582 heartbeat IPC: 0.1476 cumulative IPC: 0.1504 (Simulation time: 00 hr 10 min 45 sec)
Simulation finished CPU 0 instructions: 25000000 cycles: 166229131 cumulative IPC: 0.1504 (Simulation time: 00 hr 10 min 45 sec)
Simulation complete CPU 0 instructions: 25000000 cycles: 166229131 cumulative IPC: 0.1504 (Simulation time: 00 hr 10 min 45 sec)

ChampSim completed all CPUs

=== Simulation ===
CPU 0 runs ../../../traces/bc-12.trace.gz
Region of Interest Statistics

CPU 0 cumulative IPC: 0.1504 instructions: 25000000 cycles: 166229131
CPU 0 Branch Prediction Accuracy: 82.52% MPKI: 30.32 Average ROB Occupancy at Mispredict: 25.82
Branch type MPKI
BRANCH_DIRECT_JUMP: 0
BRANCH_INDIRECT: 0
BRANCH_CONDITIONAL: 30.3
BRANCH_DIRECT_CALL: 0
BRANCH_INDIRECT_CALL: 0
BRANCH_RETURN: 0

LLC TOTAL        ACCESS:    2652022 HIT:     795936 MISS:    1856086
LLC LOAD         ACCESS:     775186 HIT:     775182 MISS:          4
LLC RFO          ACCESS:        817 HIT:        817 MISS:          0
LLC PREFETCH     ACCESS:          0 HIT:          0 MISS:          0
LLC WRITE        ACCESS:    1856082 HIT:          0 MISS:    1856082
LLC TRANSLATION  ACCESS:      19937 HIT:      19937 MISS:          0
LLC PREFETCH REQUESTED:          0 ISSUED:          0 USEFUL:          0 USELESS:          0
LLC AVERAGE MISS LATENCY: 9.939e+12 cycles
cpu0_DTLB TOTAL        ACCESS:    7275037 HIT:    6283909 MISS:     991128
cpu0_DTLB LOAD         ACCESS:    7275037 HIT:    6283909 MISS:     991128
cpu0_DTLB RFO          ACCESS:          0 HIT:          0 MISS:          0
cpu0_DTLB PREFETCH     ACCESS:          0 HIT:          0 MISS:          0
cpu0_DTLB WRITE        ACCESS:          0 HIT:          0 MISS:          0
cpu0_DTLB TRANSLATION  ACCESS:          0 HIT:          0 MISS:          0
cpu0_DTLB PREFETCH REQUESTED:          0 ISSUED:          0 USEFUL:          0 USELESS:          0
cpu0_DTLB AVERAGE MISS LATENCY: 11.82 cycles
cpu0_ITLB TOTAL        ACCESS:          0 HIT:          0 MISS:          0
cpu0_ITLB LOAD         ACCESS:          0 HIT:          0 MISS:          0
cpu0_ITLB RFO          ACCESS:          0 HIT:          0 MISS:          0
cpu0_ITLB PREFETCH     ACCESS:          0 HIT:          0 MISS:          0
cpu0_ITLB WRITE        ACCESS:          0 HIT:          0 MISS:          0
cpu0_ITLB TRANSLATION  ACCESS:          0 HIT:          0 MISS:          0
cpu0_ITLB PREFETCH REQUESTED:          0 ISSUED:          0 USEFUL:          0 USELESS:          0
cpu0_ITLB AVERAGE MISS LATENCY: -nan cycles
cpu0_L1D TOTAL        ACCESS:    8740598 HIT:    6365460 MISS:    2375138
cpu0_L1D LOAD         ACCESS:    6828610 HIT:    4635205 MISS:    2193405
cpu0_L1D RFO          ACCESS:          0 HIT:          0 MISS:          0
cpu0_L1D PREFETCH     ACCESS:          0 HIT:          0 MISS:          0
cpu0_L1D WRITE        ACCESS:    1534748 HIT:    1504289 MISS:      30459
cpu0_L1D TRANSLATION  ACCESS:     377240 HIT:     225966 MISS:     151274
cpu0_L1D PREFETCH REQUESTED:          0 ISSUED:          0 USEFUL:          0 USELESS:          0
cpu0_L1D AVERAGE MISS LATENCY: 152.6 cycles
cpu0_L1I TOTAL        ACCESS:          0 HIT:          0 MISS:          0
cpu0_L1I LOAD         ACCESS:          0 HIT:          0 MISS:          0
cpu0_L1I RFO          ACCESS:          0 HIT:          0 MISS:          0
cpu0_L1I PREFETCH     ACCESS:          0 HIT:          0 MISS:          0
cpu0_L1I WRITE        ACCESS:          0 HIT:          0 MISS:          0
cpu0_L1I TRANSLATION  ACCESS:          0 HIT:          0 MISS:          0
cpu0_L1I PREFETCH REQUESTED:          0 ISSUED:          0 USEFUL:          0 USELESS:          0
cpu0_L1I AVERAGE MISS LATENCY: -nan cycles
cpu0_L2C TOTAL        ACCESS:    2604413 HIT:     374121 MISS:    2230292
cpu0_L2C LOAD         ACCESS:     245619 HIT:     245497 MISS:        122
cpu0_L2C RFO          ACCESS:        133 HIT:        132 MISS:          1
cpu0_L2C PREFETCH     ACCESS:          0 HIT:          0 MISS:          0
cpu0_L2C WRITE        ACCESS:    2230167 HIT:          0 MISS:    2230167
cpu0_L2C TRANSLATION  ACCESS:     128494 HIT:     128492 MISS:          2
cpu0_L2C PREFETCH REQUESTED:          0 ISSUED:          0 USEFUL:          0 USELESS:          0
cpu0_L2C AVERAGE MISS LATENCY: 8.271e+12 cycles
cpu0_STLB TOTAL        ACCESS:     809041 HIT:     431809 MISS:     377232
cpu0_STLB LOAD         ACCESS:     809041 HIT:     431809 MISS:     377232
cpu0_STLB RFO          ACCESS:          0 HIT:          0 MISS:          0
cpu0_STLB PREFETCH     ACCESS:          0 HIT:          0 MISS:          0
cpu0_STLB WRITE        ACCESS:          0 HIT:          0 MISS:          0
cpu0_STLB TRANSLATION  ACCESS:          0 HIT:          0 MISS:          0
cpu0_STLB PREFETCH REQUESTED:          0 ISSUED:          0 USEFUL:          0 USELESS:          0
cpu0_STLB AVERAGE MISS LATENCY: 14.76 cycles

DRAM Statistics

Channel 0 RQ ROW_BUFFER_HIT:      92123
  ROW_BUFFER_MISS:     967078
 AVG DBUS CONGESTED CYCLE: 3.975
WQ ROW_BUFFER_HIT: Channel 0 
  ROW_BUFFER_MISS:      10867
  FULL:    1049202
