Constructor called
WARNING: physical memory size is smaller than virtual memory size.

*** ChampSim Multicore Out-of-Order Simulator ***
Warmup Instructions: 25000000
Simulation Instructions: 25000000
Number of CPUs: 1
Page size: 4096

Constructor called
Off-chip DRAM Size: 4 GiB Channels: 1 Width: 64-bit Data Race: 3200 MT/s
Heartbeat CPU 0 instructions: 10000003 cycles: 3084608 heartbeat IPC: 3.242 cumulative IPC: 3.242 (Simulation time: 00 hr 00 min 25 sec)
Heartbeat CPU 0 instructions: 20000001 cycles: 5587441 heartbeat IPC: 3.995 cumulative IPC: 3.579 (Simulation time: 00 hr 00 min 49 sec)
Warmup finished CPU 0 instructions: 25000000 cycles: 6838861 cumulative IPC: 3.656 (Simulation time: 00 hr 01 min 01 sec)
Warmup complete CPU 0 instructions: 25000000 cycles: 6838861 cumulative IPC: 3.656 (Simulation time: 00 hr 01 min 01 sec)
Heartbeat CPU 0 instructions: 30000004 cycles: 33497884 heartbeat IPC: 0.3583 cumulative IPC: 0.1876 (Simulation time: 00 hr 02 min 44 sec)
Heartbeat CPU 0 instructions: 40000002 cycles: 88872960 heartbeat IPC: 0.1806 cumulative IPC: 0.1829 (Simulation time: 00 hr 06 min 22 sec)
Heartbeat CPU 0 instructions: 50000004 cycles: 140125804 heartbeat IPC: 0.1951 cumulative IPC: 0.1876 (Simulation time: 00 hr 09 min 45 sec)
Simulation finished CPU 0 instructions: 25000004 cycles: 133286944 cumulative IPC: 0.1876 (Simulation time: 00 hr 09 min 45 sec)
Simulation complete CPU 0 instructions: 25000004 cycles: 133286944 cumulative IPC: 0.1876 (Simulation time: 00 hr 09 min 45 sec)

ChampSim completed all CPUs

=== Simulation ===
CPU 0 runs ../../../traces/bc-5.trace.gz
Region of Interest Statistics

CPU 0 cumulative IPC: 0.1876 instructions: 25000004 cycles: 133286944
CPU 0 Branch Prediction Accuracy: 89.9% MPKI: 13.69 Average ROB Occupancy at Mispredict: 64.98
Branch type MPKI
BRANCH_DIRECT_JUMP: 0
BRANCH_INDIRECT: 0
BRANCH_CONDITIONAL: 13.7
BRANCH_DIRECT_CALL: 0
BRANCH_INDIRECT_CALL: 0
BRANCH_RETURN: 0

LLC TOTAL        ACCESS:    2575986 HIT:     764904 MISS:    1811082
LLC LOAD         ACCESS:     745097 HIT:     745088 MISS:          9
LLC RFO          ACCESS:        648 HIT:        648 MISS:          0
LLC PREFETCH     ACCESS:          0 HIT:          0 MISS:          0
LLC WRITE        ACCESS:    1811073 HIT:          0 MISS:    1811073
LLC TRANSLATION  ACCESS:      19168 HIT:      19168 MISS:          0
LLC PREFETCH REQUESTED:          0 ISSUED:          0 USEFUL:          0 USELESS:          0
LLC AVERAGE MISS LATENCY: 1.019e+13 cycles
cpu0_DTLB TOTAL        ACCESS:    7165970 HIT:    6224297 MISS:     941673
cpu0_DTLB LOAD         ACCESS:    7165970 HIT:    6224297 MISS:     941673
cpu0_DTLB RFO          ACCESS:          0 HIT:          0 MISS:          0
cpu0_DTLB PREFETCH     ACCESS:          0 HIT:          0 MISS:          0
cpu0_DTLB WRITE        ACCESS:          0 HIT:          0 MISS:          0
cpu0_DTLB TRANSLATION  ACCESS:          0 HIT:          0 MISS:          0
cpu0_DTLB PREFETCH REQUESTED:          0 ISSUED:          0 USEFUL:          0 USELESS:          0
cpu0_DTLB AVERAGE MISS LATENCY: 10.29 cycles
cpu0_ITLB TOTAL        ACCESS:          0 HIT:          0 MISS:          0
cpu0_ITLB LOAD         ACCESS:          0 HIT:          0 MISS:          0
cpu0_ITLB RFO          ACCESS:          0 HIT:          0 MISS:          0
cpu0_ITLB PREFETCH     ACCESS:          0 HIT:          0 MISS:          0
cpu0_ITLB WRITE        ACCESS:          0 HIT:          0 MISS:          0
cpu0_ITLB TRANSLATION  ACCESS:          0 HIT:          0 MISS:          0
cpu0_ITLB PREFETCH REQUESTED:          0 ISSUED:          0 USEFUL:          0 USELESS:          0
cpu0_ITLB AVERAGE MISS LATENCY: -nan cycles
cpu0_L1D TOTAL        ACCESS:    8737077 HIT:    6424419 MISS:    2312658
cpu0_L1D LOAD         ACCESS:    6317408 HIT:    4158870 MISS:    2158538
cpu0_L1D RFO          ACCESS:          0 HIT:          0 MISS:          0
cpu0_L1D PREFETCH     ACCESS:          0 HIT:          0 MISS:          0
cpu0_L1D WRITE        ACCESS:    2060187 HIT:    2033933 MISS:      26254
cpu0_L1D TRANSLATION  ACCESS:     359482 HIT:     231616 MISS:     127866
cpu0_L1D PREFETCH REQUESTED:          0 ISSUED:          0 USEFUL:          0 USELESS:          0
cpu0_L1D AVERAGE MISS LATENCY: 279.9 cycles
cpu0_L1I TOTAL        ACCESS:          0 HIT:          0 MISS:          0
cpu0_L1I LOAD         ACCESS:          0 HIT:          0 MISS:          0
cpu0_L1I RFO          ACCESS:          0 HIT:          0 MISS:          0
cpu0_L1I PREFETCH     ACCESS:          0 HIT:          0 MISS:          0
cpu0_L1I WRITE        ACCESS:          0 HIT:          0 MISS:          0
cpu0_L1I TRANSLATION  ACCESS:          0 HIT:          0 MISS:          0
cpu0_L1I PREFETCH REQUESTED:          0 ISSUED:          0 USEFUL:          0 USELESS:          0
cpu0_L1I AVERAGE MISS LATENCY: -nan cycles
cpu0_L2C TOTAL        ACCESS:    2356340 HIT:     272566 MISS:    2083774
cpu0_L2C LOAD         ACCESS:     167221 HIT:     167034 MISS:        187
cpu0_L2C RFO          ACCESS:         69 HIT:         69 MISS:          0
cpu0_L2C PREFETCH     ACCESS:          0 HIT:          0 MISS:          0
cpu0_L2C WRITE        ACCESS:    2083582 HIT:          0 MISS:    2083582
cpu0_L2C TRANSLATION  ACCESS:     105468 HIT:     105463 MISS:          5
cpu0_L2C PREFETCH REQUESTED:          0 ISSUED:          0 USEFUL:          0 USELESS:          0
cpu0_L2C AVERAGE MISS LATENCY: 8.853e+12 cycles
cpu0_STLB TOTAL        ACCESS:     583121 HIT:     223649 MISS:     359472
cpu0_STLB LOAD         ACCESS:     583121 HIT:     223649 MISS:     359472
cpu0_STLB RFO          ACCESS:          0 HIT:          0 MISS:          0
cpu0_STLB PREFETCH     ACCESS:          0 HIT:          0 MISS:          0
cpu0_STLB WRITE        ACCESS:          0 HIT:          0 MISS:          0
cpu0_STLB TRANSLATION  ACCESS:          0 HIT:          0 MISS:          0
cpu0_STLB PREFETCH REQUESTED:          0 ISSUED:          0 USEFUL:          0 USELESS:          0
cpu0_STLB AVERAGE MISS LATENCY: 19.15 cycles

DRAM Statistics

Channel 0 RQ ROW_BUFFER_HIT:     150792
  ROW_BUFFER_MISS:     894348
 AVG DBUS CONGESTED CYCLE: 3.978
WQ ROW_BUFFER_HIT: Channel 0 
  ROW_BUFFER_MISS:      10663
  FULL:    1035472
