Constructor called
WARNING: physical memory size is smaller than virtual memory size.

*** ChampSim Multicore Out-of-Order Simulator ***
Warmup Instructions: 25000000
Simulation Instructions: 25000000
Number of CPUs: 1
Page size: 4096

Constructor called
Off-chip DRAM Size: 4 GiB Channels: 1 Width: 64-bit Data Race: 3200 MT/s
Heartbeat CPU 0 instructions: 10000001 cycles: 2500041 heartbeat IPC: 4 cumulative IPC: 4 (Simulation time: 00 hr 00 min 20 sec)
Heartbeat CPU 0 instructions: 20000003 cycles: 5013838 heartbeat IPC: 3.978 cumulative IPC: 3.989 (Simulation time: 00 hr 00 min 41 sec)
Warmup finished CPU 0 instructions: 25000003 cycles: 6263839 cumulative IPC: 3.991 (Simulation time: 00 hr 00 min 51 sec)
Warmup complete CPU 0 instructions: 25000003 cycles: 6263839 cumulative IPC: 3.991 (Simulation time: 00 hr 00 min 51 sec)
Heartbeat CPU 0 instructions: 30000000 cycles: 26143750 heartbeat IPC: 0.4733 cumulative IPC: 0.2515 (Simulation time: 00 hr 02 min 01 sec)
Heartbeat CPU 0 instructions: 40000003 cycles: 65792030 heartbeat IPC: 0.2522 cumulative IPC: 0.252 (Simulation time: 00 hr 04 min 21 sec)
Heartbeat CPU 0 instructions: 50000000 cycles: 117531135 heartbeat IPC: 0.1933 cumulative IPC: 0.2247 (Simulation time: 00 hr 07 min 19 sec)
Simulation finished CPU 0 instructions: 25000000 cycles: 111267311 cumulative IPC: 0.2247 (Simulation time: 00 hr 07 min 19 sec)
Simulation complete CPU 0 instructions: 25000000 cycles: 111267311 cumulative IPC: 0.2247 (Simulation time: 00 hr 07 min 19 sec)

ChampSim completed all CPUs

=== Simulation ===
CPU 0 runs ../../../traces/bfs-3.trace.gz
Region of Interest Statistics

CPU 0 cumulative IPC: 0.2247 instructions: 25000000 cycles: 111267311
CPU 0 Branch Prediction Accuracy: 77.24% MPKI: 44.91 Average ROB Occupancy at Mispredict: 6.015
Branch type MPKI
BRANCH_DIRECT_JUMP: 4e-05
BRANCH_INDIRECT: 0
BRANCH_CONDITIONAL: 44.9
BRANCH_DIRECT_CALL: 4e-05
BRANCH_INDIRECT_CALL: 0
BRANCH_RETURN: 8e-05

LLC TOTAL        ACCESS:     467730 HIT:      13955 MISS:     453775
LLC LOAD         ACCESS:      13719 HIT:      13719 MISS:          0
LLC RFO          ACCESS:         44 HIT:         44 MISS:          0
LLC PREFETCH     ACCESS:          0 HIT:          0 MISS:          0
LLC WRITE        ACCESS:     453775 HIT:          0 MISS:     453775
LLC TRANSLATION  ACCESS:        192 HIT:        192 MISS:          0
LLC PREFETCH REQUESTED:          0 ISSUED:          0 USEFUL:          0 USELESS:          0
LLC AVERAGE MISS LATENCY: 4.065e+13 cycles
cpu0_DTLB TOTAL        ACCESS:    6473764 HIT:    6428870 MISS:      44894
cpu0_DTLB LOAD         ACCESS:    6473764 HIT:    6428870 MISS:      44894
cpu0_DTLB RFO          ACCESS:          0 HIT:          0 MISS:          0
cpu0_DTLB PREFETCH     ACCESS:          0 HIT:          0 MISS:          0
cpu0_DTLB WRITE        ACCESS:          0 HIT:          0 MISS:          0
cpu0_DTLB TRANSLATION  ACCESS:          0 HIT:          0 MISS:          0
cpu0_DTLB PREFETCH REQUESTED:          0 ISSUED:          0 USEFUL:          0 USELESS:          0
cpu0_DTLB AVERAGE MISS LATENCY: 88.56 cycles
cpu0_ITLB TOTAL        ACCESS:          3 HIT:          3 MISS:          0
cpu0_ITLB LOAD         ACCESS:          3 HIT:          3 MISS:          0
cpu0_ITLB RFO          ACCESS:          0 HIT:          0 MISS:          0
cpu0_ITLB PREFETCH     ACCESS:          0 HIT:          0 MISS:          0
cpu0_ITLB WRITE        ACCESS:          0 HIT:          0 MISS:          0
cpu0_ITLB TRANSLATION  ACCESS:          0 HIT:          0 MISS:          0
cpu0_ITLB PREFETCH REQUESTED:          0 ISSUED:          0 USEFUL:          0 USELESS:          0
cpu0_ITLB AVERAGE MISS LATENCY: -nan cycles
cpu0_L1D TOTAL        ACCESS:    7274723 HIT:    5789702 MISS:    1485021
cpu0_L1D LOAD         ACCESS:    6591071 HIT:    5127662 MISS:    1463409
cpu0_L1D RFO          ACCESS:          0 HIT:          0 MISS:          0
cpu0_L1D PREFETCH     ACCESS:          0 HIT:          0 MISS:          0
cpu0_L1D WRITE        ACCESS:     658579 HIT:     651381 MISS:       7198
cpu0_L1D TRANSLATION  ACCESS:      25073 HIT:      10659 MISS:      14414
cpu0_L1D PREFETCH REQUESTED:          0 ISSUED:          0 USEFUL:          0 USELESS:          0
cpu0_L1D AVERAGE MISS LATENCY: 67.31 cycles
cpu0_L1I TOTAL        ACCESS:          3 HIT:          2 MISS:          1
cpu0_L1I LOAD         ACCESS:          3 HIT:          2 MISS:          1
cpu0_L1I RFO          ACCESS:          0 HIT:          0 MISS:          0
cpu0_L1I PREFETCH     ACCESS:          0 HIT:          0 MISS:          0
cpu0_L1I WRITE        ACCESS:          0 HIT:          0 MISS:          0
cpu0_L1I TRANSLATION  ACCESS:          0 HIT:          0 MISS:          0
cpu0_L1I PREFETCH REQUESTED:          0 ISSUED:          0 USEFUL:          0 USELESS:          0
cpu0_L1I AVERAGE MISS LATENCY: 548 cycles
cpu0_L2C TOTAL        ACCESS:    1720220 HIT:     633087 MISS:    1087133
cpu0_L2C LOAD         ACCESS:     620517 HIT:     620515 MISS:          2
cpu0_L2C RFO          ACCESS:       1753 HIT:       1753 MISS:          0
cpu0_L2C PREFETCH     ACCESS:          0 HIT:          0 MISS:          0
cpu0_L2C WRITE        ACCESS:    1087131 HIT:          0 MISS:    1087131
cpu0_L2C TRANSLATION  ACCESS:      10819 HIT:      10819 MISS:          0
cpu0_L2C PREFETCH REQUESTED:          0 ISSUED:          0 USEFUL:          0 USELESS:          0
cpu0_L2C AVERAGE MISS LATENCY: 1.697e+13 cycles
cpu0_STLB TOTAL        ACCESS:      25704 HIT:        697 MISS:      25007
cpu0_STLB LOAD         ACCESS:      25704 HIT:        697 MISS:      25007
cpu0_STLB RFO          ACCESS:          0 HIT:          0 MISS:          0
cpu0_STLB PREFETCH     ACCESS:          0 HIT:          0 MISS:          0
cpu0_STLB WRITE        ACCESS:          0 HIT:          0 MISS:          0
cpu0_STLB TRANSLATION  ACCESS:          0 HIT:          0 MISS:          0
cpu0_STLB PREFETCH REQUESTED:          0 ISSUED:          0 USEFUL:          0 USELESS:          0
cpu0_STLB AVERAGE MISS LATENCY: 151.5 cycles

DRAM Statistics

Channel 0 RQ ROW_BUFFER_HIT:      12330
  ROW_BUFFER_MISS:     427759
 AVG DBUS CONGESTED CYCLE: 3.983
WQ ROW_BUFFER_HIT: Channel 0 
  ROW_BUFFER_MISS:      13430
  FULL:     426391
