Constructor called
WARNING: physical memory size is smaller than virtual memory size.

*** ChampSim Multicore Out-of-Order Simulator ***
Warmup Instructions: 25000000
Simulation Instructions: 25000000
Number of CPUs: 1
Page size: 4096

Constructor called
Off-chip DRAM Size: 4 GiB Channels: 1 Width: 64-bit Data Race: 3200 MT/s
Heartbeat CPU 0 instructions: 10000002 cycles: 2500037 heartbeat IPC: 4 cumulative IPC: 4 (Simulation time: 00 hr 00 min 20 sec)
Heartbeat CPU 0 instructions: 20000002 cycles: 5013710 heartbeat IPC: 3.978 cumulative IPC: 3.989 (Simulation time: 00 hr 00 min 40 sec)
Warmup finished CPU 0 instructions: 25000002 cycles: 6263711 cumulative IPC: 3.991 (Simulation time: 00 hr 00 min 51 sec)
Warmup complete CPU 0 instructions: 25000002 cycles: 6263711 cumulative IPC: 3.991 (Simulation time: 00 hr 00 min 51 sec)
Heartbeat CPU 0 instructions: 30000001 cycles: 22361149 heartbeat IPC: 0.5765 cumulative IPC: 0.3106 (Simulation time: 00 hr 01 min 49 sec)
Heartbeat CPU 0 instructions: 40000003 cycles: 54724556 heartbeat IPC: 0.309 cumulative IPC: 0.3095 (Simulation time: 00 hr 03 min 48 sec)
Heartbeat CPU 0 instructions: 50000001 cycles: 87053056 heartbeat IPC: 0.3093 cumulative IPC: 0.3094 (Simulation time: 00 hr 05 min 46 sec)
Simulation finished CPU 0 instructions: 25000000 cycles: 80789355 cumulative IPC: 0.3094 (Simulation time: 00 hr 05 min 46 sec)
Simulation complete CPU 0 instructions: 25000000 cycles: 80789355 cumulative IPC: 0.3094 (Simulation time: 00 hr 05 min 46 sec)

ChampSim completed all CPUs

=== Simulation ===
CPU 0 runs ../../../traces/bfs-10.trace.gz
Region of Interest Statistics

CPU 0 cumulative IPC: 0.3094 instructions: 25000000 cycles: 80789355
CPU 0 Branch Prediction Accuracy: 83.9% MPKI: 33.23 Average ROB Occupancy at Mispredict: 11.33
Branch type MPKI
BRANCH_DIRECT_JUMP: 0
BRANCH_INDIRECT: 0
BRANCH_CONDITIONAL: 33.2
BRANCH_DIRECT_CALL: 0
BRANCH_INDIRECT_CALL: 0
BRANCH_RETURN: 0

LLC TOTAL        ACCESS:     333805 HIT:       1622 MISS:     332183
LLC LOAD         ACCESS:       1414 HIT:       1414 MISS:          0
LLC RFO          ACCESS:          0 HIT:          0 MISS:          0
LLC PREFETCH     ACCESS:          0 HIT:          0 MISS:          0
LLC WRITE        ACCESS:     332183 HIT:          0 MISS:     332183
LLC TRANSLATION  ACCESS:        208 HIT:        208 MISS:          0
LLC PREFETCH REQUESTED:          0 ISSUED:          0 USEFUL:          0 USELESS:          0
LLC AVERAGE MISS LATENCY: 5.553e+13 cycles
cpu0_DTLB TOTAL        ACCESS:    5965860 HIT:    5909490 MISS:      56370
cpu0_DTLB LOAD         ACCESS:    5965860 HIT:    5909490 MISS:      56370
cpu0_DTLB RFO          ACCESS:          0 HIT:          0 MISS:          0
cpu0_DTLB PREFETCH     ACCESS:          0 HIT:          0 MISS:          0
cpu0_DTLB WRITE        ACCESS:          0 HIT:          0 MISS:          0
cpu0_DTLB TRANSLATION  ACCESS:          0 HIT:          0 MISS:          0
cpu0_DTLB PREFETCH REQUESTED:          0 ISSUED:          0 USEFUL:          0 USELESS:          0
cpu0_DTLB AVERAGE MISS LATENCY: 58.66 cycles
cpu0_ITLB TOTAL        ACCESS:          0 HIT:          0 MISS:          0
cpu0_ITLB LOAD         ACCESS:          0 HIT:          0 MISS:          0
cpu0_ITLB RFO          ACCESS:          0 HIT:          0 MISS:          0
cpu0_ITLB PREFETCH     ACCESS:          0 HIT:          0 MISS:          0
cpu0_ITLB WRITE        ACCESS:          0 HIT:          0 MISS:          0
cpu0_ITLB TRANSLATION  ACCESS:          0 HIT:          0 MISS:          0
cpu0_ITLB PREFETCH REQUESTED:          0 ISSUED:          0 USEFUL:          0 USELESS:          0
cpu0_ITLB AVERAGE MISS LATENCY: -nan cycles
cpu0_L1D TOTAL        ACCESS:    6665166 HIT:    4669434 MISS:    1995732
cpu0_L1D LOAD         ACCESS:    6276950 HIT:    4292462 MISS:    1984488
cpu0_L1D RFO          ACCESS:          0 HIT:          0 MISS:          0
cpu0_L1D PREFETCH     ACCESS:          0 HIT:          0 MISS:          0
cpu0_L1D WRITE        ACCESS:     373079 HIT:     373079 MISS:          0
cpu0_L1D TRANSLATION  ACCESS:      15137 HIT:       3893 MISS:      11244
cpu0_L1D PREFETCH REQUESTED:          0 ISSUED:          0 USEFUL:          0 USELESS:          0
cpu0_L1D AVERAGE MISS LATENCY: 37.79 cycles
cpu0_L1I TOTAL        ACCESS:          0 HIT:          0 MISS:          0
cpu0_L1I LOAD         ACCESS:          0 HIT:          0 MISS:          0
cpu0_L1I RFO          ACCESS:          0 HIT:          0 MISS:          0
cpu0_L1I PREFETCH     ACCESS:          0 HIT:          0 MISS:          0
cpu0_L1I WRITE        ACCESS:          0 HIT:          0 MISS:          0
cpu0_L1I TRANSLATION  ACCESS:          0 HIT:          0 MISS:          0
cpu0_L1I PREFETCH REQUESTED:          0 ISSUED:          0 USEFUL:          0 USELESS:          0
cpu0_L1I AVERAGE MISS LATENCY: -nan cycles
cpu0_L2C TOTAL        ACCESS:    2174815 HIT:     921322 MISS:    1253493
cpu0_L2C LOAD         ACCESS:     912179 HIT:     912178 MISS:          1
cpu0_L2C RFO          ACCESS:          0 HIT:          0 MISS:          0
cpu0_L2C PREFETCH     ACCESS:          0 HIT:          0 MISS:          0
cpu0_L2C WRITE        ACCESS:    1253492 HIT:          0 MISS:    1253492
cpu0_L2C TRANSLATION  ACCESS:       9144 HIT:       9144 MISS:          0
cpu0_L2C PREFETCH REQUESTED:          0 ISSUED:          0 USEFUL:          0 USELESS:          0
cpu0_L2C AVERAGE MISS LATENCY: 1.472e+13 cycles
cpu0_STLB TOTAL        ACCESS:      15577 HIT:        475 MISS:      15102
cpu0_STLB LOAD         ACCESS:      15577 HIT:        475 MISS:      15102
cpu0_STLB RFO          ACCESS:          0 HIT:          0 MISS:          0
cpu0_STLB PREFETCH     ACCESS:          0 HIT:          0 MISS:          0
cpu0_STLB WRITE        ACCESS:          0 HIT:          0 MISS:          0
cpu0_STLB TRANSLATION  ACCESS:          0 HIT:          0 MISS:          0
cpu0_STLB PREFETCH REQUESTED:          0 ISSUED:          0 USEFUL:          0 USELESS:          0
cpu0_STLB AVERAGE MISS LATENCY: 215.3 cycles

DRAM Statistics

Channel 0 RQ ROW_BUFFER_HIT:       9895
  ROW_BUFFER_MISS:     320654
 AVG DBUS CONGESTED CYCLE: 3.984
WQ ROW_BUFFER_HIT: Channel 0 
  ROW_BUFFER_MISS:       9703
  FULL:     320815
