Constructor called
WARNING: physical memory size is smaller than virtual memory size.

*** ChampSim Multicore Out-of-Order Simulator ***
Warmup Instructions: 25000000
Simulation Instructions: 25000000
Number of CPUs: 1
Page size: 4096

Constructor called
Off-chip DRAM Size: 4 GiB Channels: 1 Width: 64-bit Data Race: 3200 MT/s
Heartbeat CPU 0 instructions: 10000002 cycles: 2500037 heartbeat IPC: 4 cumulative IPC: 4 (Simulation time: 00 hr 00 min 20 sec)
Heartbeat CPU 0 instructions: 20000002 cycles: 5000037 heartbeat IPC: 4 cumulative IPC: 4 (Simulation time: 00 hr 00 min 42 sec)
Warmup finished CPU 0 instructions: 25000002 cycles: 6250038 cumulative IPC: 4 (Simulation time: 00 hr 00 min 52 sec)
Warmup complete CPU 0 instructions: 25000002 cycles: 6250038 cumulative IPC: 4 (Simulation time: 00 hr 00 min 52 sec)
Heartbeat CPU 0 instructions: 30000001 cycles: 21403650 heartbeat IPC: 0.6096 cumulative IPC: 0.33 (Simulation time: 00 hr 01 min 52 sec)
Heartbeat CPU 0 instructions: 40000000 cycles: 52355476 heartbeat IPC: 0.3231 cumulative IPC: 0.3253 (Simulation time: 00 hr 03 min 53 sec)
Heartbeat CPU 0 instructions: 50000001 cycles: 82600560 heartbeat IPC: 0.3306 cumulative IPC: 0.3274 (Simulation time: 00 hr 05 min 53 sec)
Simulation finished CPU 0 instructions: 25000002 cycles: 76350524 cumulative IPC: 0.3274 (Simulation time: 00 hr 05 min 53 sec)
Simulation complete CPU 0 instructions: 25000002 cycles: 76350524 cumulative IPC: 0.3274 (Simulation time: 00 hr 05 min 53 sec)

ChampSim completed all CPUs

=== Simulation ===
CPU 0 runs ../../../traces/cc-5.trace.gz
Region of Interest Statistics

CPU 0 cumulative IPC: 0.3274 instructions: 25000002 cycles: 76350524
CPU 0 Branch Prediction Accuracy: 90.5% MPKI: 18.82 Average ROB Occupancy at Mispredict: 29.41
Branch type MPKI
BRANCH_DIRECT_JUMP: 0
BRANCH_INDIRECT: 0
BRANCH_CONDITIONAL: 18.8
BRANCH_DIRECT_CALL: 0
BRANCH_INDIRECT_CALL: 0
BRANCH_RETURN: 0

LLC TOTAL        ACCESS:    2022462 HIT:     795016 MISS:    1227446
LLC LOAD         ACCESS:     794935 HIT:     794935 MISS:          0
LLC RFO          ACCESS:          0 HIT:          0 MISS:          0
LLC PREFETCH     ACCESS:          0 HIT:          0 MISS:          0
LLC WRITE        ACCESS:    1227446 HIT:          0 MISS:    1227446
LLC TRANSLATION  ACCESS:         81 HIT:         81 MISS:          0
LLC PREFETCH REQUESTED:          0 ISSUED:          0 USEFUL:          0 USELESS:          0
LLC AVERAGE MISS LATENCY: 1.503e+13 cycles
cpu0_DTLB TOTAL        ACCESS:    5787661 HIT:    4490643 MISS:    1297018
cpu0_DTLB LOAD         ACCESS:    5787661 HIT:    4490643 MISS:    1297018
cpu0_DTLB RFO          ACCESS:          0 HIT:          0 MISS:          0
cpu0_DTLB PREFETCH     ACCESS:          0 HIT:          0 MISS:          0
cpu0_DTLB WRITE        ACCESS:          0 HIT:          0 MISS:          0
cpu0_DTLB TRANSLATION  ACCESS:          0 HIT:          0 MISS:          0
cpu0_DTLB PREFETCH REQUESTED:          0 ISSUED:          0 USEFUL:          0 USELESS:          0
cpu0_DTLB AVERAGE MISS LATENCY: 6.467 cycles
cpu0_ITLB TOTAL        ACCESS:          0 HIT:          0 MISS:          0
cpu0_ITLB LOAD         ACCESS:          0 HIT:          0 MISS:          0
cpu0_ITLB RFO          ACCESS:          0 HIT:          0 MISS:          0
cpu0_ITLB PREFETCH     ACCESS:          0 HIT:          0 MISS:          0
cpu0_ITLB WRITE        ACCESS:          0 HIT:          0 MISS:          0
cpu0_ITLB TRANSLATION  ACCESS:          0 HIT:          0 MISS:          0
cpu0_ITLB PREFETCH REQUESTED:          0 ISSUED:          0 USEFUL:          0 USELESS:          0
cpu0_ITLB AVERAGE MISS LATENCY: -nan cycles
cpu0_L1D TOTAL        ACCESS:    6524693 HIT:    4175963 MISS:    2348730
cpu0_L1D LOAD         ACCESS:    6420400 HIT:    4073305 MISS:    2347095
cpu0_L1D RFO          ACCESS:          0 HIT:          0 MISS:          0
cpu0_L1D PREFETCH     ACCESS:          0 HIT:          0 MISS:          0
cpu0_L1D WRITE        ACCESS:     102549 HIT:     102549 MISS:          0
cpu0_L1D TRANSLATION  ACCESS:       1744 HIT:        109 MISS:       1635
cpu0_L1D PREFETCH REQUESTED:          0 ISSUED:          0 USEFUL:          0 USELESS:          0
cpu0_L1D AVERAGE MISS LATENCY: 65.52 cycles
cpu0_L1I TOTAL        ACCESS:          0 HIT:          0 MISS:          0
cpu0_L1I LOAD         ACCESS:          0 HIT:          0 MISS:          0
cpu0_L1I RFO          ACCESS:          0 HIT:          0 MISS:          0
cpu0_L1I PREFETCH     ACCESS:          0 HIT:          0 MISS:          0
cpu0_L1I WRITE        ACCESS:          0 HIT:          0 MISS:          0
cpu0_L1I TRANSLATION  ACCESS:          0 HIT:          0 MISS:          0
cpu0_L1I PREFETCH REQUESTED:          0 ISSUED:          0 USEFUL:          0 USELESS:          0
cpu0_L1I AVERAGE MISS LATENCY: -nan cycles
cpu0_L2C TOTAL        ACCESS:    2343957 HIT:     558234 MISS:    1785723
cpu0_L2C LOAD         ACCESS:     556760 HIT:     556688 MISS:         72
cpu0_L2C RFO          ACCESS:          0 HIT:          0 MISS:          0
cpu0_L2C PREFETCH     ACCESS:          0 HIT:          0 MISS:          0
cpu0_L2C WRITE        ACCESS:    1785651 HIT:          0 MISS:    1785651
cpu0_L2C TRANSLATION  ACCESS:       1546 HIT:       1546 MISS:          0
cpu0_L2C PREFETCH REQUESTED:          0 ISSUED:          0 USEFUL:          0 USELESS:          0
cpu0_L2C AVERAGE MISS LATENCY: 1.033e+13 cycles
cpu0_STLB TOTAL        ACCESS:    1094265 HIT:    1092525 MISS:       1740
cpu0_STLB LOAD         ACCESS:    1094265 HIT:    1092525 MISS:       1740
cpu0_STLB RFO          ACCESS:          0 HIT:          0 MISS:          0
cpu0_STLB PREFETCH     ACCESS:          0 HIT:          0 MISS:          0
cpu0_STLB WRITE        ACCESS:          0 HIT:          0 MISS:          0
cpu0_STLB TRANSLATION  ACCESS:          0 HIT:          0 MISS:          0
cpu0_STLB PREFETCH REQUESTED:          0 ISSUED:          0 USEFUL:          0 USELESS:          0
cpu0_STLB AVERAGE MISS LATENCY: 217.6 cycles

DRAM Statistics

Channel 0 RQ ROW_BUFFER_HIT:      34070
  ROW_BUFFER_MISS:     397706
 AVG DBUS CONGESTED CYCLE: 3.97
WQ ROW_BUFFER_HIT: Channel 0 
  ROW_BUFFER_MISS:      10856
  FULL:     421571
