Constructor called
WARNING: physical memory size is smaller than virtual memory size.

*** ChampSim Multicore Out-of-Order Simulator ***
Warmup Instructions: 25000000
Simulation Instructions: 25000000
Number of CPUs: 1
Page size: 4096

Constructor called
Off-chip DRAM Size: 4 GiB Channels: 1 Width: 64-bit Data Race: 3200 MT/s
Heartbeat CPU 0 instructions: 10000002 cycles: 2500037 heartbeat IPC: 4 cumulative IPC: 4 (Simulation time: 00 hr 00 min 21 sec)
Heartbeat CPU 0 instructions: 20000002 cycles: 5000037 heartbeat IPC: 4 cumulative IPC: 4 (Simulation time: 00 hr 00 min 42 sec)
Warmup finished CPU 0 instructions: 25000002 cycles: 6250038 cumulative IPC: 4 (Simulation time: 00 hr 00 min 53 sec)
Warmup complete CPU 0 instructions: 25000002 cycles: 6250038 cumulative IPC: 4 (Simulation time: 00 hr 00 min 53 sec)
Heartbeat CPU 0 instructions: 30000000 cycles: 25602930 heartbeat IPC: 0.4854 cumulative IPC: 0.2584 (Simulation time: 00 hr 02 min 04 sec)
Heartbeat CPU 0 instructions: 40000000 cycles: 62499486 heartbeat IPC: 0.271 cumulative IPC: 0.2667 (Simulation time: 00 hr 04 min 22 sec)
Heartbeat CPU 0 instructions: 50000000 cycles: 99717586 heartbeat IPC: 0.2687 cumulative IPC: 0.2675 (Simulation time: 00 hr 06 min 41 sec)
Simulation finished CPU 0 instructions: 25000000 cycles: 93467552 cumulative IPC: 0.2675 (Simulation time: 00 hr 06 min 41 sec)
Simulation complete CPU 0 instructions: 25000000 cycles: 93467552 cumulative IPC: 0.2675 (Simulation time: 00 hr 06 min 41 sec)

ChampSim completed all CPUs

=== Simulation ===
CPU 0 runs ../../../traces/cc-6.trace.gz
Region of Interest Statistics

CPU 0 cumulative IPC: 0.2675 instructions: 25000000 cycles: 93467552
CPU 0 Branch Prediction Accuracy: 86.05% MPKI: 28.55 Average ROB Occupancy at Mispredict: 15.03
Branch type MPKI
BRANCH_DIRECT_JUMP: 0
BRANCH_INDIRECT: 0
BRANCH_CONDITIONAL: 28.6
BRANCH_DIRECT_CALL: 0
BRANCH_INDIRECT_CALL: 0
BRANCH_RETURN: 0

LLC TOTAL        ACCESS:    2199025 HIT:     863655 MISS:    1335370
LLC LOAD         ACCESS:     863543 HIT:     863541 MISS:          2
LLC RFO          ACCESS:          0 HIT:          0 MISS:          0
LLC PREFETCH     ACCESS:          0 HIT:          0 MISS:          0
LLC WRITE        ACCESS:    1335368 HIT:          0 MISS:    1335368
LLC TRANSLATION  ACCESS:        114 HIT:        114 MISS:          0
LLC PREFETCH REQUESTED:          0 ISSUED:          0 USEFUL:          0 USELESS:          0
LLC AVERAGE MISS LATENCY: 1.381e+13 cycles
cpu0_DTLB TOTAL        ACCESS:    6280717 HIT:    4745419 MISS:    1535298
cpu0_DTLB LOAD         ACCESS:    6280717 HIT:    4745419 MISS:    1535298
cpu0_DTLB RFO          ACCESS:          0 HIT:          0 MISS:          0
cpu0_DTLB PREFETCH     ACCESS:          0 HIT:          0 MISS:          0
cpu0_DTLB WRITE        ACCESS:          0 HIT:          0 MISS:          0
cpu0_DTLB TRANSLATION  ACCESS:          0 HIT:          0 MISS:          0
cpu0_DTLB PREFETCH REQUESTED:          0 ISSUED:          0 USEFUL:          0 USELESS:          0
cpu0_DTLB AVERAGE MISS LATENCY: 6.766 cycles
cpu0_ITLB TOTAL        ACCESS:          0 HIT:          0 MISS:          0
cpu0_ITLB LOAD         ACCESS:          0 HIT:          0 MISS:          0
cpu0_ITLB RFO          ACCESS:          0 HIT:          0 MISS:          0
cpu0_ITLB PREFETCH     ACCESS:          0 HIT:          0 MISS:          0
cpu0_ITLB WRITE        ACCESS:          0 HIT:          0 MISS:          0
cpu0_ITLB TRANSLATION  ACCESS:          0 HIT:          0 MISS:          0
cpu0_ITLB PREFETCH REQUESTED:          0 ISSUED:          0 USEFUL:          0 USELESS:          0
cpu0_ITLB AVERAGE MISS LATENCY: -nan cycles
cpu0_L1D TOTAL        ACCESS:    6935972 HIT:    4491296 MISS:    2444676
cpu0_L1D LOAD         ACCESS:    6829551 HIT:    4386694 MISS:    2442857
cpu0_L1D RFO          ACCESS:          0 HIT:          0 MISS:          0
cpu0_L1D PREFETCH     ACCESS:          0 HIT:          0 MISS:          0
cpu0_L1D WRITE        ACCESS:     104471 HIT:     104471 MISS:          0
cpu0_L1D TRANSLATION  ACCESS:       1950 HIT:        131 MISS:       1819
cpu0_L1D PREFETCH REQUESTED:          0 ISSUED:          0 USEFUL:          0 USELESS:          0
cpu0_L1D AVERAGE MISS LATENCY: 61.02 cycles
cpu0_L1I TOTAL        ACCESS:          0 HIT:          0 MISS:          0
cpu0_L1I LOAD         ACCESS:          0 HIT:          0 MISS:          0
cpu0_L1I RFO          ACCESS:          0 HIT:          0 MISS:          0
cpu0_L1I PREFETCH     ACCESS:          0 HIT:          0 MISS:          0
cpu0_L1I WRITE        ACCESS:          0 HIT:          0 MISS:          0
cpu0_L1I TRANSLATION  ACCESS:          0 HIT:          0 MISS:          0
cpu0_L1I PREFETCH REQUESTED:          0 ISSUED:          0 USEFUL:          0 USELESS:          0
cpu0_L1I AVERAGE MISS LATENCY: -nan cycles
cpu0_L2C TOTAL        ACCESS:    2626421 HIT:     645503 MISS:    1980918
cpu0_L2C LOAD         ACCESS:     643871 HIT:     643807 MISS:         64
cpu0_L2C RFO          ACCESS:          0 HIT:          0 MISS:          0
cpu0_L2C PREFETCH     ACCESS:          0 HIT:          0 MISS:          0
cpu0_L2C WRITE        ACCESS:    1980854 HIT:          0 MISS:    1980854
cpu0_L2C TRANSLATION  ACCESS:       1696 HIT:       1696 MISS:          0
cpu0_L2C PREFETCH REQUESTED:          0 ISSUED:          0 USEFUL:          0 USELESS:          0
cpu0_L2C AVERAGE MISS LATENCY: 9.312e+12 cycles
cpu0_STLB TOTAL        ACCESS:    1325994 HIT:    1324048 MISS:       1946
cpu0_STLB LOAD         ACCESS:    1325994 HIT:    1324048 MISS:       1946
cpu0_STLB RFO          ACCESS:          0 HIT:          0 MISS:          0
cpu0_STLB PREFETCH     ACCESS:          0 HIT:          0 MISS:          0
cpu0_STLB WRITE        ACCESS:          0 HIT:          0 MISS:          0
cpu0_STLB TRANSLATION  ACCESS:          0 HIT:          0 MISS:          0
cpu0_STLB PREFETCH REQUESTED:          0 ISSUED:          0 USEFUL:          0 USELESS:          0
cpu0_STLB AVERAGE MISS LATENCY: 217.8 cycles

DRAM Statistics

Channel 0 RQ ROW_BUFFER_HIT:      26016
  ROW_BUFFER_MISS:     444994
 AVG DBUS CONGESTED CYCLE: 3.977
WQ ROW_BUFFER_HIT: Channel 0 
  ROW_BUFFER_MISS:      12922
  FULL:     458719
