Constructor called
WARNING: physical memory size is smaller than virtual memory size.

*** ChampSim Multicore Out-of-Order Simulator ***
Warmup Instructions: 25000000
Simulation Instructions: 25000000
Number of CPUs: 1
Page size: 4096

Constructor called
Off-chip DRAM Size: 4 GiB Channels: 1 Width: 64-bit Data Race: 3200 MT/s
Heartbeat CPU 0 instructions: 10000001 cycles: 2500038 heartbeat IPC: 4 cumulative IPC: 4 (Simulation time: 00 hr 00 min 20 sec)
Heartbeat CPU 0 instructions: 20000004 cycles: 5044503 heartbeat IPC: 3.93 cumulative IPC: 3.965 (Simulation time: 00 hr 00 min 47 sec)
Warmup finished CPU 0 instructions: 25000001 cycles: 6317810 cumulative IPC: 3.957 (Simulation time: 00 hr 01 min 00 sec)
Warmup complete CPU 0 instructions: 25000001 cycles: 6317810 cumulative IPC: 3.957 (Simulation time: 00 hr 01 min 00 sec)
Heartbeat CPU 0 instructions: 30000003 cycles: 32534463 heartbeat IPC: 0.3638 cumulative IPC: 0.1907 (Simulation time: 00 hr 03 min 18 sec)
Heartbeat CPU 0 instructions: 40000001 cycles: 84861589 heartbeat IPC: 0.1911 cumulative IPC: 0.191 (Simulation time: 00 hr 07 min 53 sec)
Heartbeat CPU 0 instructions: 50000001 cycles: 137707231 heartbeat IPC: 0.1892 cumulative IPC: 0.1903 (Simulation time: 00 hr 12 min 31 sec)
Simulation finished CPU 0 instructions: 25000000 cycles: 131389422 cumulative IPC: 0.1903 (Simulation time: 00 hr 12 min 31 sec)
Simulation complete CPU 0 instructions: 25000000 cycles: 131389422 cumulative IPC: 0.1903 (Simulation time: 00 hr 12 min 31 sec)

ChampSim completed all CPUs

=== Simulation ===
CPU 0 runs ../../../traces/pr-10.trace.gz
Region of Interest Statistics

CPU 0 cumulative IPC: 0.1903 instructions: 25000000 cycles: 131389422
CPU 0 Branch Prediction Accuracy: 96.55% MPKI: 6.604 Average ROB Occupancy at Mispredict: 191.9
Branch type MPKI
BRANCH_DIRECT_JUMP: 0
BRANCH_INDIRECT: 0
BRANCH_CONDITIONAL: 6.6
BRANCH_DIRECT_CALL: 0
BRANCH_INDIRECT_CALL: 0
BRANCH_RETURN: 0

LLC TOTAL        ACCESS:    5220245 HIT:    2025451 MISS:    3194794
LLC LOAD         ACCESS:    2025090 HIT:    2025083 MISS:          7
LLC RFO          ACCESS:          0 HIT:          0 MISS:          0
LLC PREFETCH     ACCESS:          0 HIT:          0 MISS:          0
LLC WRITE        ACCESS:    3194787 HIT:          0 MISS:    3194787
LLC TRANSLATION  ACCESS:        368 HIT:        368 MISS:          0
LLC PREFETCH REQUESTED:          0 ISSUED:          0 USEFUL:          0 USELESS:          0
LLC AVERAGE MISS LATENCY: 5.774e+12 cycles
cpu0_DTLB TOTAL        ACCESS:    6182772 HIT:    2617321 MISS:    3565451
cpu0_DTLB LOAD         ACCESS:    6182772 HIT:    2617321 MISS:    3565451
cpu0_DTLB RFO          ACCESS:          0 HIT:          0 MISS:          0
cpu0_DTLB PREFETCH     ACCESS:          0 HIT:          0 MISS:          0
cpu0_DTLB WRITE        ACCESS:          0 HIT:          0 MISS:          0
cpu0_DTLB TRANSLATION  ACCESS:          0 HIT:          0 MISS:          0
cpu0_DTLB PREFETCH REQUESTED:          0 ISSUED:          0 USEFUL:          0 USELESS:          0
cpu0_DTLB AVERAGE MISS LATENCY: 6.301 cycles
cpu0_ITLB TOTAL        ACCESS:          0 HIT:          0 MISS:          0
cpu0_ITLB LOAD         ACCESS:          0 HIT:          0 MISS:          0
cpu0_ITLB RFO          ACCESS:          0 HIT:          0 MISS:          0
cpu0_ITLB PREFETCH     ACCESS:          0 HIT:          0 MISS:          0
cpu0_ITLB WRITE        ACCESS:          0 HIT:          0 MISS:          0
cpu0_ITLB TRANSLATION  ACCESS:          0 HIT:          0 MISS:          0
cpu0_ITLB PREFETCH REQUESTED:          0 ISSUED:          0 USEFUL:          0 USELESS:          0
cpu0_ITLB AVERAGE MISS LATENCY: -nan cycles
cpu0_L1D TOTAL        ACCESS:    6845267 HIT:    1206949 MISS:    5638318
cpu0_L1D LOAD         ACCESS:    6555141 HIT:     921172 MISS:    5633969
cpu0_L1D RFO          ACCESS:          0 HIT:          0 MISS:          0
cpu0_L1D PREFETCH     ACCESS:          0 HIT:          0 MISS:          0
cpu0_L1D WRITE        ACCESS:     285309 HIT:     285309 MISS:          0
cpu0_L1D TRANSLATION  ACCESS:       4817 HIT:        468 MISS:       4349
cpu0_L1D PREFETCH REQUESTED:          0 ISSUED:          0 USEFUL:          0 USELESS:          0
cpu0_L1D AVERAGE MISS LATENCY: 292.3 cycles
cpu0_L1I TOTAL        ACCESS:          0 HIT:          0 MISS:          0
cpu0_L1I LOAD         ACCESS:          0 HIT:          0 MISS:          0
cpu0_L1I RFO          ACCESS:          0 HIT:          0 MISS:          0
cpu0_L1I PREFETCH     ACCESS:          0 HIT:          0 MISS:          0
cpu0_L1I WRITE        ACCESS:          0 HIT:          0 MISS:          0
cpu0_L1I TRANSLATION  ACCESS:          0 HIT:          0 MISS:          0
cpu0_L1I PREFETCH REQUESTED:          0 ISSUED:          0 USEFUL:          0 USELESS:          0
cpu0_L1I AVERAGE MISS LATENCY: -nan cycles
cpu0_L2C TOTAL        ACCESS:    5915321 HIT:    1359919 MISS:    4555402
cpu0_L2C LOAD         ACCESS:    1356620 HIT:    1355957 MISS:        663
cpu0_L2C RFO          ACCESS:          0 HIT:          0 MISS:          0
cpu0_L2C PREFETCH     ACCESS:          0 HIT:          0 MISS:          0
cpu0_L2C WRITE        ACCESS:    4554739 HIT:          0 MISS:    4554739
cpu0_L2C TRANSLATION  ACCESS:       3962 HIT:       3962 MISS:          0
cpu0_L2C PREFETCH REQUESTED:          0 ISSUED:          0 USEFUL:          0 USELESS:          0
cpu0_L2C AVERAGE MISS LATENCY: 4.049e+12 cycles
cpu0_STLB TOTAL        ACCESS:    2909358 HIT:    2904549 MISS:       4809
cpu0_STLB LOAD         ACCESS:    2909358 HIT:    2904549 MISS:       4809
cpu0_STLB RFO          ACCESS:          0 HIT:          0 MISS:          0
cpu0_STLB PREFETCH     ACCESS:          0 HIT:          0 MISS:          0
cpu0_STLB WRITE        ACCESS:          0 HIT:          0 MISS:          0
cpu0_STLB TRANSLATION  ACCESS:          0 HIT:          0 MISS:          0
cpu0_STLB PREFETCH REQUESTED:          0 ISSUED:          0 USEFUL:          0 USELESS:          0
cpu0_STLB AVERAGE MISS LATENCY: 280 cycles

DRAM Statistics

Channel 0 RQ ROW_BUFFER_HIT:      81162
  ROW_BUFFER_MISS:    1086139
 AVG DBUS CONGESTED CYCLE: 3.995
WQ ROW_BUFFER_HIT: Channel 0 
  ROW_BUFFER_MISS:      11213
  FULL:    1158039
