Constructor called
WARNING: physical memory size is smaller than virtual memory size.

*** ChampSim Multicore Out-of-Order Simulator ***
Warmup Instructions: 25000000
Simulation Instructions: 25000000
Number of CPUs: 1
Page size: 4096

Constructor called
Off-chip DRAM Size: 4 GiB Channels: 1 Width: 64-bit Data Race: 3200 MT/s
Heartbeat CPU 0 instructions: 10000000 cycles: 2500038 heartbeat IPC: 4 cumulative IPC: 4 (Simulation time: 00 hr 00 min 20 sec)
Heartbeat CPU 0 instructions: 20000003 cycles: 5015925 heartbeat IPC: 3.975 cumulative IPC: 3.987 (Simulation time: 00 hr 00 min 46 sec)
Warmup finished CPU 0 instructions: 25000001 cycles: 6279552 cumulative IPC: 3.981 (Simulation time: 00 hr 00 min 59 sec)
Warmup complete CPU 0 instructions: 25000001 cycles: 6279552 cumulative IPC: 3.981 (Simulation time: 00 hr 00 min 59 sec)
Heartbeat CPU 0 instructions: 30000003 cycles: 45077458 heartbeat IPC: 0.2496 cumulative IPC: 0.1289 (Simulation time: 00 hr 04 min 18 sec)
Heartbeat CPU 0 instructions: 40000003 cycles: 123714641 heartbeat IPC: 0.1272 cumulative IPC: 0.1277 (Simulation time: 00 hr 11 min 02 sec)
Heartbeat CPU 0 instructions: 50000004 cycles: 202303899 heartbeat IPC: 0.1272 cumulative IPC: 0.1275 (Simulation time: 00 hr 17 min 46 sec)
Simulation finished CPU 0 instructions: 25000003 cycles: 196024348 cumulative IPC: 0.1275 (Simulation time: 00 hr 17 min 46 sec)
Simulation complete CPU 0 instructions: 25000003 cycles: 196024348 cumulative IPC: 0.1275 (Simulation time: 00 hr 17 min 46 sec)

ChampSim completed all CPUs

=== Simulation ===
CPU 0 runs ../../../traces/pr-14.trace.gz
Region of Interest Statistics

CPU 0 cumulative IPC: 0.1275 instructions: 25000003 cycles: 196024348
CPU 0 Branch Prediction Accuracy: 96.45% MPKI: 6.777 Average ROB Occupancy at Mispredict: 200.7
Branch type MPKI
BRANCH_DIRECT_JUMP: 0
BRANCH_INDIRECT: 0
BRANCH_CONDITIONAL: 6.78
BRANCH_DIRECT_CALL: 0
BRANCH_INDIRECT_CALL: 0
BRANCH_RETURN: 0

LLC TOTAL        ACCESS:    5179962 HIT:    1712160 MISS:    3467802
LLC LOAD         ACCESS:    1712143 HIT:    1712133 MISS:         10
LLC RFO          ACCESS:          0 HIT:          0 MISS:          0
LLC PREFETCH     ACCESS:          0 HIT:          0 MISS:          0
LLC WRITE        ACCESS:    3467792 HIT:          0 MISS:    3467792
LLC TRANSLATION  ACCESS:         27 HIT:         27 MISS:          0
LLC PREFETCH REQUESTED:          0 ISSUED:          0 USEFUL:          0 USELESS:          0
LLC AVERAGE MISS LATENCY: 5.319e+12 cycles
cpu0_DTLB TOTAL        ACCESS:    6113280 HIT:    2494423 MISS:    3618857
cpu0_DTLB LOAD         ACCESS:    6113280 HIT:    2494423 MISS:    3618857
cpu0_DTLB RFO          ACCESS:          0 HIT:          0 MISS:          0
cpu0_DTLB PREFETCH     ACCESS:          0 HIT:          0 MISS:          0
cpu0_DTLB WRITE        ACCESS:          0 HIT:          0 MISS:          0
cpu0_DTLB TRANSLATION  ACCESS:          0 HIT:          0 MISS:          0
cpu0_DTLB PREFETCH REQUESTED:          0 ISSUED:          0 USEFUL:          0 USELESS:          0
cpu0_DTLB AVERAGE MISS LATENCY: 6.422 cycles
cpu0_ITLB TOTAL        ACCESS:          0 HIT:          0 MISS:          0
cpu0_ITLB LOAD         ACCESS:          0 HIT:          0 MISS:          0
cpu0_ITLB RFO          ACCESS:          0 HIT:          0 MISS:          0
cpu0_ITLB PREFETCH     ACCESS:          0 HIT:          0 MISS:          0
cpu0_ITLB WRITE        ACCESS:          0 HIT:          0 MISS:          0
cpu0_ITLB TRANSLATION  ACCESS:          0 HIT:          0 MISS:          0
cpu0_ITLB PREFETCH REQUESTED:          0 ISSUED:          0 USEFUL:          0 USELESS:          0
cpu0_ITLB AVERAGE MISS LATENCY: -nan cycles
cpu0_L1D TOTAL        ACCESS:    6601614 HIT:    1238755 MISS:    5362859
cpu0_L1D LOAD         ACCESS:    6311009 HIT:     952749 MISS:    5358260
cpu0_L1D RFO          ACCESS:          0 HIT:          0 MISS:          0
cpu0_L1D PREFETCH     ACCESS:          0 HIT:          0 MISS:          0
cpu0_L1D WRITE        ACCESS:     285788 HIT:     285788 MISS:          0
cpu0_L1D TRANSLATION  ACCESS:       4817 HIT:        218 MISS:       4599
cpu0_L1D PREFETCH REQUESTED:          0 ISSUED:          0 USEFUL:          0 USELESS:          0
cpu0_L1D AVERAGE MISS LATENCY: 505.2 cycles
cpu0_L1I TOTAL        ACCESS:          0 HIT:          0 MISS:          0
cpu0_L1I LOAD         ACCESS:          0 HIT:          0 MISS:          0
cpu0_L1I RFO          ACCESS:          0 HIT:          0 MISS:          0
cpu0_L1I PREFETCH     ACCESS:          0 HIT:          0 MISS:          0
cpu0_L1I WRITE        ACCESS:          0 HIT:          0 MISS:          0
cpu0_L1I TRANSLATION  ACCESS:          0 HIT:          0 MISS:          0
cpu0_L1I PREFETCH REQUESTED:          0 ISSUED:          0 USEFUL:          0 USELESS:          0
cpu0_L1I AVERAGE MISS LATENCY: -nan cycles
cpu0_L2C TOTAL        ACCESS:    5659503 HIT:    1095623 MISS:    4563880
cpu0_L2C LOAD         ACCESS:    1091471 HIT:    1091071 MISS:        400
cpu0_L2C RFO          ACCESS:          0 HIT:          0 MISS:          0
cpu0_L2C PREFETCH     ACCESS:          0 HIT:          0 MISS:          0
cpu0_L2C WRITE        ACCESS:    4563480 HIT:          0 MISS:    4563480
cpu0_L2C TRANSLATION  ACCESS:       4552 HIT:       4552 MISS:          0
cpu0_L2C PREFETCH REQUESTED:          0 ISSUED:          0 USEFUL:          0 USELESS:          0
cpu0_L2C AVERAGE MISS LATENCY: 4.042e+12 cycles
cpu0_STLB TOTAL        ACCESS:    3019353 HIT:    3014545 MISS:       4808
cpu0_STLB LOAD         ACCESS:    3019353 HIT:    3014545 MISS:       4808
cpu0_STLB RFO          ACCESS:          0 HIT:          0 MISS:          0
cpu0_STLB PREFETCH     ACCESS:          0 HIT:          0 MISS:          0
cpu0_STLB WRITE        ACCESS:          0 HIT:          0 MISS:          0
cpu0_STLB TRANSLATION  ACCESS:          0 HIT:          0 MISS:          0
cpu0_STLB PREFETCH REQUESTED:          0 ISSUED:          0 USEFUL:          0 USELESS:          0
cpu0_STLB AVERAGE MISS LATENCY: 405.3 cycles

DRAM Statistics

Channel 0 RQ ROW_BUFFER_HIT:     145305
  ROW_BUFFER_MISS:    1607138
 AVG DBUS CONGESTED CYCLE: 3.996
WQ ROW_BUFFER_HIT: Channel 0 
  ROW_BUFFER_MISS:      10805
  FULL:    1744783
