Constructor called
WARNING: physical memory size is smaller than virtual memory size.

*** ChampSim Multicore Out-of-Order Simulator ***
Warmup Instructions: 25000000
Simulation Instructions: 25000000
Number of CPUs: 1
Page size: 4096

Constructor called
Off-chip DRAM Size: 4 GiB Channels: 1 Width: 64-bit Data Race: 3200 MT/s
Heartbeat CPU 0 instructions: 10000000 cycles: 2500038 heartbeat IPC: 4 cumulative IPC: 4 (Simulation time: 00 hr 00 min 21 sec)
Heartbeat CPU 0 instructions: 20000002 cycles: 5020911 heartbeat IPC: 3.967 cumulative IPC: 3.983 (Simulation time: 00 hr 00 min 47 sec)
Warmup finished CPU 0 instructions: 25000001 cycles: 6279687 cumulative IPC: 3.981 (Simulation time: 00 hr 01 min 01 sec)
Warmup complete CPU 0 instructions: 25000001 cycles: 6279687 cumulative IPC: 3.981 (Simulation time: 00 hr 01 min 01 sec)
Heartbeat CPU 0 instructions: 30000001 cycles: 46771860 heartbeat IPC: 0.2395 cumulative IPC: 0.1235 (Simulation time: 00 hr 04 min 29 sec)
Heartbeat CPU 0 instructions: 40000000 cycles: 127268939 heartbeat IPC: 0.1242 cumulative IPC: 0.124 (Simulation time: 00 hr 11 min 24 sec)
Heartbeat CPU 0 instructions: 50000000 cycles: 207669269 heartbeat IPC: 0.1244 cumulative IPC: 0.1241 (Simulation time: 00 hr 18 min 19 sec)
Simulation finished CPU 0 instructions: 25000004 cycles: 201389584 cumulative IPC: 0.1241 (Simulation time: 00 hr 18 min 19 sec)
Simulation complete CPU 0 instructions: 25000004 cycles: 201389584 cumulative IPC: 0.1241 (Simulation time: 00 hr 18 min 19 sec)

ChampSim completed all CPUs

=== Simulation ===
CPU 0 runs ../../../traces/pr-3.trace.gz
Region of Interest Statistics

CPU 0 cumulative IPC: 0.1241 instructions: 25000004 cycles: 201389584
CPU 0 Branch Prediction Accuracy: 96.41% MPKI: 6.854 Average ROB Occupancy at Mispredict: 202.8
Branch type MPKI
BRANCH_DIRECT_JUMP: 0
BRANCH_INDIRECT: 0
BRANCH_CONDITIONAL: 6.85
BRANCH_DIRECT_CALL: 0
BRANCH_INDIRECT_CALL: 0
BRANCH_RETURN: 0

LLC TOTAL        ACCESS:    5186941 HIT:    1692464 MISS:    3494477
LLC LOAD         ACCESS:    1692470 HIT:    1692457 MISS:         13
LLC RFO          ACCESS:          0 HIT:          0 MISS:          0
LLC PREFETCH     ACCESS:          0 HIT:          0 MISS:          0
LLC WRITE        ACCESS:    3494464 HIT:          0 MISS:    3494464
LLC TRANSLATION  ACCESS:          7 HIT:          7 MISS:          0
LLC PREFETCH REQUESTED:          0 ISSUED:          0 USEFUL:          0 USELESS:          0
LLC AVERAGE MISS LATENCY: 5.279e+12 cycles
cpu0_DTLB TOTAL        ACCESS:    6124991 HIT:    2496757 MISS:    3628234
cpu0_DTLB LOAD         ACCESS:    6124991 HIT:    2496757 MISS:    3628234
cpu0_DTLB RFO          ACCESS:          0 HIT:          0 MISS:          0
cpu0_DTLB PREFETCH     ACCESS:          0 HIT:          0 MISS:          0
cpu0_DTLB WRITE        ACCESS:          0 HIT:          0 MISS:          0
cpu0_DTLB TRANSLATION  ACCESS:          0 HIT:          0 MISS:          0
cpu0_DTLB PREFETCH REQUESTED:          0 ISSUED:          0 USEFUL:          0 USELESS:          0
cpu0_DTLB AVERAGE MISS LATENCY: 6.463 cycles
cpu0_ITLB TOTAL        ACCESS:          0 HIT:          0 MISS:          0
cpu0_ITLB LOAD         ACCESS:          0 HIT:          0 MISS:          0
cpu0_ITLB RFO          ACCESS:          0 HIT:          0 MISS:          0
cpu0_ITLB PREFETCH     ACCESS:          0 HIT:          0 MISS:          0
cpu0_ITLB WRITE        ACCESS:          0 HIT:          0 MISS:          0
cpu0_ITLB TRANSLATION  ACCESS:          0 HIT:          0 MISS:          0
cpu0_ITLB PREFETCH REQUESTED:          0 ISSUED:          0 USEFUL:          0 USELESS:          0
cpu0_ITLB AVERAGE MISS LATENCY: -nan cycles
cpu0_L1D TOTAL        ACCESS:    6603391 HIT:    1261048 MISS:    5342343
cpu0_L1D LOAD         ACCESS:    6309400 HIT:     971387 MISS:    5338013
cpu0_L1D RFO          ACCESS:          0 HIT:          0 MISS:          0
cpu0_L1D PREFETCH     ACCESS:          0 HIT:          0 MISS:          0
cpu0_L1D WRITE        ACCESS:     289175 HIT:     289175 MISS:          0
cpu0_L1D TRANSLATION  ACCESS:       4816 HIT:        486 MISS:       4330
cpu0_L1D PREFETCH REQUESTED:          0 ISSUED:          0 USEFUL:          0 USELESS:          0
cpu0_L1D AVERAGE MISS LATENCY: 523.9 cycles
cpu0_L1I TOTAL        ACCESS:          0 HIT:          0 MISS:          0
cpu0_L1I LOAD         ACCESS:          0 HIT:          0 MISS:          0
cpu0_L1I RFO          ACCESS:          0 HIT:          0 MISS:          0
cpu0_L1I PREFETCH     ACCESS:          0 HIT:          0 MISS:          0
cpu0_L1I WRITE        ACCESS:          0 HIT:          0 MISS:          0
cpu0_L1I TRANSLATION  ACCESS:          0 HIT:          0 MISS:          0
cpu0_L1I PREFETCH REQUESTED:          0 ISSUED:          0 USEFUL:          0 USELESS:          0
cpu0_L1I AVERAGE MISS LATENCY: -nan cycles
cpu0_L2C TOTAL        ACCESS:    5609983 HIT:    1057456 MISS:    4552527
cpu0_L2C LOAD         ACCESS:    1053626 HIT:    1053152 MISS:        474
cpu0_L2C RFO          ACCESS:          0 HIT:          0 MISS:          0
cpu0_L2C PREFETCH     ACCESS:          0 HIT:          0 MISS:          0
cpu0_L2C WRITE        ACCESS:    4552053 HIT:          0 MISS:    4552053
cpu0_L2C TRANSLATION  ACCESS:       4304 HIT:       4304 MISS:          0
cpu0_L2C PREFETCH REQUESTED:          0 ISSUED:          0 USEFUL:          0 USELESS:          0
cpu0_L2C AVERAGE MISS LATENCY: 4.052e+12 cycles
cpu0_STLB TOTAL        ACCESS:    3040882 HIT:    3036075 MISS:       4807
cpu0_STLB LOAD         ACCESS:    3040882 HIT:    3036075 MISS:       4807
cpu0_STLB RFO          ACCESS:          0 HIT:          0 MISS:          0
cpu0_STLB PREFETCH     ACCESS:          0 HIT:          0 MISS:          0
cpu0_STLB WRITE        ACCESS:          0 HIT:          0 MISS:          0
cpu0_STLB TRANSLATION  ACCESS:          0 HIT:          0 MISS:          0
cpu0_STLB PREFETCH REQUESTED:          0 ISSUED:          0 USEFUL:          0 USELESS:          0
cpu0_STLB AVERAGE MISS LATENCY: 417.9 cycles

DRAM Statistics

Channel 0 RQ ROW_BUFFER_HIT:     146165
  ROW_BUFFER_MISS:    1652773
 AVG DBUS CONGESTED CYCLE: 3.996
WQ ROW_BUFFER_HIT: Channel 0 
  ROW_BUFFER_MISS:      11062
  FULL:    1790850
