Constructor called
WARNING: physical memory size is smaller than virtual memory size.

*** ChampSim Multicore Out-of-Order Simulator ***
Warmup Instructions: 25000000
Simulation Instructions: 25000000
Number of CPUs: 1
Page size: 4096

Constructor called
Off-chip DRAM Size: 4 GiB Channels: 1 Width: 64-bit Data Race: 3200 MT/s
Heartbeat CPU 0 instructions: 10000000 cycles: 2501044 heartbeat IPC: 3.998 cumulative IPC: 3.998 (Simulation time: 00 hr 00 min 21 sec)
Heartbeat CPU 0 instructions: 20000003 cycles: 5002413 heartbeat IPC: 3.998 cumulative IPC: 3.998 (Simulation time: 00 hr 00 min 43 sec)
Warmup finished CPU 0 instructions: 25000000 cycles: 6253755 cumulative IPC: 3.998 (Simulation time: 00 hr 00 min 54 sec)
Warmup complete CPU 0 instructions: 25000000 cycles: 6253755 cumulative IPC: 3.998 (Simulation time: 00 hr 00 min 54 sec)
Heartbeat CPU 0 instructions: 30000004 cycles: 20357918 heartbeat IPC: 0.6512 cumulative IPC: 0.3545 (Simulation time: 00 hr 01 min 50 sec)
Heartbeat CPU 0 instructions: 40000000 cycles: 47687859 heartbeat IPC: 0.3659 cumulative IPC: 0.362 (Simulation time: 00 hr 03 min 41 sec)
Heartbeat CPU 0 instructions: 50000003 cycles: 74666850 heartbeat IPC: 0.3707 cumulative IPC: 0.3654 (Simulation time: 00 hr 05 min 33 sec)
Simulation finished CPU 0 instructions: 25000003 cycles: 68413096 cumulative IPC: 0.3654 (Simulation time: 00 hr 05 min 33 sec)
Simulation complete CPU 0 instructions: 25000003 cycles: 68413096 cumulative IPC: 0.3654 (Simulation time: 00 hr 05 min 33 sec)

ChampSim completed all CPUs

=== Simulation ===
CPU 0 runs ../../../traces/sssp-5.trace.gz
Region of Interest Statistics

CPU 0 cumulative IPC: 0.3654 instructions: 25000003 cycles: 68413096
CPU 0 Branch Prediction Accuracy: 94.64% MPKI: 7.902 Average ROB Occupancy at Mispredict: 79.21
Branch type MPKI
BRANCH_DIRECT_JUMP: 4e-05
BRANCH_INDIRECT: 0
BRANCH_CONDITIONAL: 7.9
BRANCH_DIRECT_CALL: 0
BRANCH_INDIRECT_CALL: 0
BRANCH_RETURN: 0

LLC TOTAL        ACCESS:    1471531 HIT:     508578 MISS:     962953
LLC LOAD         ACCESS:     498316 HIT:     498316 MISS:          0
LLC RFO          ACCESS:       9295 HIT:       9295 MISS:          0
LLC PREFETCH     ACCESS:          0 HIT:          0 MISS:          0
LLC WRITE        ACCESS:     962953 HIT:          0 MISS:     962953
LLC TRANSLATION  ACCESS:        967 HIT:        967 MISS:          0
LLC PREFETCH REQUESTED:          0 ISSUED:          0 USEFUL:          0 USELESS:          0
LLC AVERAGE MISS LATENCY: 1.916e+13 cycles
cpu0_DTLB TOTAL        ACCESS:    5560932 HIT:    4898053 MISS:     662879
cpu0_DTLB LOAD         ACCESS:    5560932 HIT:    4898053 MISS:     662879
cpu0_DTLB RFO          ACCESS:          0 HIT:          0 MISS:          0
cpu0_DTLB PREFETCH     ACCESS:          0 HIT:          0 MISS:          0
cpu0_DTLB WRITE        ACCESS:          0 HIT:          0 MISS:          0
cpu0_DTLB TRANSLATION  ACCESS:          0 HIT:          0 MISS:          0
cpu0_DTLB PREFETCH REQUESTED:          0 ISSUED:          0 USEFUL:          0 USELESS:          0
cpu0_DTLB AVERAGE MISS LATENCY: 7.701 cycles
cpu0_ITLB TOTAL        ACCESS:       1998 HIT:       1998 MISS:          0
cpu0_ITLB LOAD         ACCESS:       1998 HIT:       1998 MISS:          0
cpu0_ITLB RFO          ACCESS:          0 HIT:          0 MISS:          0
cpu0_ITLB PREFETCH     ACCESS:          0 HIT:          0 MISS:          0
cpu0_ITLB WRITE        ACCESS:          0 HIT:          0 MISS:          0
cpu0_ITLB TRANSLATION  ACCESS:          0 HIT:          0 MISS:          0
cpu0_ITLB PREFETCH REQUESTED:          0 ISSUED:          0 USEFUL:          0 USELESS:          0
cpu0_ITLB AVERAGE MISS LATENCY: -nan cycles
cpu0_L1D TOTAL        ACCESS:    7307292 HIT:    5415435 MISS:    1891857
cpu0_L1D LOAD         ACCESS:    6656614 HIT:    4932221 MISS:    1724393
cpu0_L1D RFO          ACCESS:          0 HIT:          0 MISS:          0
cpu0_L1D PREFETCH     ACCESS:          0 HIT:          0 MISS:          0
cpu0_L1D WRITE        ACCESS:     644181 HIT:     481921 MISS:     162260
cpu0_L1D TRANSLATION  ACCESS:       6497 HIT:       1293 MISS:       5204
cpu0_L1D PREFETCH REQUESTED:          0 ISSUED:          0 USEFUL:          0 USELESS:          0
cpu0_L1D AVERAGE MISS LATENCY: 98.2 cycles
cpu0_L1I TOTAL        ACCESS:       2105 HIT:       2104 MISS:          1
cpu0_L1I LOAD         ACCESS:       2105 HIT:       2104 MISS:          1
cpu0_L1I RFO          ACCESS:          0 HIT:          0 MISS:          0
cpu0_L1I PREFETCH     ACCESS:          0 HIT:          0 MISS:          0
cpu0_L1I WRITE        ACCESS:          0 HIT:          0 MISS:          0
cpu0_L1I TRANSLATION  ACCESS:          0 HIT:          0 MISS:          0
cpu0_L1I PREFETCH REQUESTED:          0 ISSUED:          0 USEFUL:          0 USELESS:          0
cpu0_L1I AVERAGE MISS LATENCY: 166 cycles
cpu0_L2C TOTAL        ACCESS:    1601725 HIT:     319362 MISS:    1282363
cpu0_L2C LOAD         ACCESS:     239826 HIT:     239802 MISS:         24
cpu0_L2C RFO          ACCESS:      78710 HIT:      78705 MISS:          5
cpu0_L2C PREFETCH     ACCESS:          0 HIT:          0 MISS:          0
cpu0_L2C WRITE        ACCESS:    1282334 HIT:          0 MISS:    1282334
cpu0_L2C TRANSLATION  ACCESS:        855 HIT:        855 MISS:          0
cpu0_L2C PREFETCH REQUESTED:          0 ISSUED:          0 USEFUL:          0 USELESS:          0
cpu0_L2C AVERAGE MISS LATENCY: 1.438e+13 cycles
cpu0_STLB TOTAL        ACCESS:     481572 HIT:     475842 MISS:       5730
cpu0_STLB LOAD         ACCESS:     481572 HIT:     475842 MISS:       5730
cpu0_STLB RFO          ACCESS:          0 HIT:          0 MISS:          0
cpu0_STLB PREFETCH     ACCESS:          0 HIT:          0 MISS:          0
cpu0_STLB WRITE        ACCESS:          0 HIT:          0 MISS:          0
cpu0_STLB TRANSLATION  ACCESS:          0 HIT:          0 MISS:          0
cpu0_STLB PREFETCH REQUESTED:          0 ISSUED:          0 USEFUL:          0 USELESS:          0
cpu0_STLB AVERAGE MISS LATENCY: 356.5 cycles

DRAM Statistics

Channel 0 RQ ROW_BUFFER_HIT:      51602
  ROW_BUFFER_MISS:     402397
 AVG DBUS CONGESTED CYCLE: 3.97
WQ ROW_BUFFER_HIT: Channel 0 
  ROW_BUFFER_MISS:       6723
  FULL:     447268
