Constructor called
WARNING: physical memory size is smaller than virtual memory size.

*** ChampSim Multicore Out-of-Order Simulator ***
Warmup Instructions: 25000000
Simulation Instructions: 25000000
Number of CPUs: 1
Page size: 4096

Constructor called
Off-chip DRAM Size: 4 GiB Channels: 1 Width: 64-bit Data Race: 3200 MT/s
Heartbeat CPU 0 instructions: 10000001 cycles: 2500734 heartbeat IPC: 3.999 cumulative IPC: 3.999 (Simulation time: 00 hr 00 min 21 sec)
Heartbeat CPU 0 instructions: 20000001 cycles: 5002428 heartbeat IPC: 3.997 cumulative IPC: 3.998 (Simulation time: 00 hr 00 min 43 sec)
Warmup finished CPU 0 instructions: 25000003 cycles: 6253473 cumulative IPC: 3.998 (Simulation time: 00 hr 00 min 54 sec)
Warmup complete CPU 0 instructions: 25000003 cycles: 6253473 cumulative IPC: 3.998 (Simulation time: 00 hr 00 min 54 sec)
Heartbeat CPU 0 instructions: 30000001 cycles: 20068479 heartbeat IPC: 0.6637 cumulative IPC: 0.3619 (Simulation time: 00 hr 01 min 50 sec)
Heartbeat CPU 0 instructions: 40000000 cycles: 48366355 heartbeat IPC: 0.3534 cumulative IPC: 0.3562 (Simulation time: 00 hr 03 min 43 sec)
Heartbeat CPU 0 instructions: 50000001 cycles: 77276311 heartbeat IPC: 0.3459 cumulative IPC: 0.352 (Simulation time: 00 hr 05 min 41 sec)
Simulation finished CPU 0 instructions: 25000000 cycles: 71022841 cumulative IPC: 0.352 (Simulation time: 00 hr 05 min 41 sec)
Simulation complete CPU 0 instructions: 25000000 cycles: 71022841 cumulative IPC: 0.352 (Simulation time: 00 hr 05 min 41 sec)

ChampSim completed all CPUs

=== Simulation ===
CPU 0 runs ../../../traces/sssp-3.trace.gz
Region of Interest Statistics

CPU 0 cumulative IPC: 0.352 instructions: 25000000 cycles: 71022841
CPU 0 Branch Prediction Accuracy: 94.31% MPKI: 8.383 Average ROB Occupancy at Mispredict: 73.16
Branch type MPKI
BRANCH_DIRECT_JUMP: 0
BRANCH_INDIRECT: 0
BRANCH_CONDITIONAL: 8.38
BRANCH_DIRECT_CALL: 0
BRANCH_INDIRECT_CALL: 0
BRANCH_RETURN: 0

LLC TOTAL        ACCESS:    1426273 HIT:     476499 MISS:     949774
LLC LOAD         ACCESS:     466771 HIT:     466771 MISS:          0
LLC RFO          ACCESS:       8780 HIT:       8780 MISS:          0
LLC PREFETCH     ACCESS:          0 HIT:          0 MISS:          0
LLC WRITE        ACCESS:     949774 HIT:          0 MISS:     949774
LLC TRANSLATION  ACCESS:        948 HIT:        948 MISS:          0
LLC PREFETCH REQUESTED:          0 ISSUED:          0 USEFUL:          0 USELESS:          0
LLC AVERAGE MISS LATENCY: 1.942e+13 cycles
cpu0_DTLB TOTAL        ACCESS:    5699460 HIT:    5100115 MISS:     599345
cpu0_DTLB LOAD         ACCESS:    5699460 HIT:    5100115 MISS:     599345
cpu0_DTLB RFO          ACCESS:          0 HIT:          0 MISS:          0
cpu0_DTLB PREFETCH     ACCESS:          0 HIT:          0 MISS:          0
cpu0_DTLB WRITE        ACCESS:          0 HIT:          0 MISS:          0
cpu0_DTLB TRANSLATION  ACCESS:          0 HIT:          0 MISS:          0
cpu0_DTLB PREFETCH REQUESTED:          0 ISSUED:          0 USEFUL:          0 USELESS:          0
cpu0_DTLB AVERAGE MISS LATENCY: 7.517 cycles
cpu0_ITLB TOTAL        ACCESS:       1774 HIT:       1774 MISS:          0
cpu0_ITLB LOAD         ACCESS:       1774 HIT:       1774 MISS:          0
cpu0_ITLB RFO          ACCESS:          0 HIT:          0 MISS:          0
cpu0_ITLB PREFETCH     ACCESS:          0 HIT:          0 MISS:          0
cpu0_ITLB WRITE        ACCESS:          0 HIT:          0 MISS:          0
cpu0_ITLB TRANSLATION  ACCESS:          0 HIT:          0 MISS:          0
cpu0_ITLB PREFETCH REQUESTED:          0 ISSUED:          0 USEFUL:          0 USELESS:          0
cpu0_ITLB AVERAGE MISS LATENCY: -nan cycles
cpu0_L1D TOTAL        ACCESS:    7704028 HIT:    5901488 MISS:    1802540
cpu0_L1D LOAD         ACCESS:    7013365 HIT:    5384663 MISS:    1628702
cpu0_L1D RFO          ACCESS:          0 HIT:          0 MISS:          0
cpu0_L1D PREFETCH     ACCESS:          0 HIT:          0 MISS:          0
cpu0_L1D WRITE        ACCESS:     684737 HIT:     515485 MISS:     169252
cpu0_L1D TRANSLATION  ACCESS:       5926 HIT:       1340 MISS:       4586
cpu0_L1D PREFETCH REQUESTED:          0 ISSUED:          0 USEFUL:          0 USELESS:          0
cpu0_L1D AVERAGE MISS LATENCY: 106.7 cycles
cpu0_L1I TOTAL        ACCESS:       1833 HIT:       1833 MISS:          0
cpu0_L1I LOAD         ACCESS:       1833 HIT:       1833 MISS:          0
cpu0_L1I RFO          ACCESS:          0 HIT:          0 MISS:          0
cpu0_L1I PREFETCH     ACCESS:          0 HIT:          0 MISS:          0
cpu0_L1I WRITE        ACCESS:          0 HIT:          0 MISS:          0
cpu0_L1I TRANSLATION  ACCESS:          0 HIT:          0 MISS:          0
cpu0_L1I PREFETCH REQUESTED:          0 ISSUED:          0 USEFUL:          0 USELESS:          0
cpu0_L1I AVERAGE MISS LATENCY: -nan cycles
cpu0_L2C TOTAL        ACCESS:    1540071 HIT:     295119 MISS:    1244952
cpu0_L2C LOAD         ACCESS:     213202 HIT:     213173 MISS:         29
cpu0_L2C RFO          ACCESS:      80982 HIT:      80981 MISS:          1
cpu0_L2C PREFETCH     ACCESS:          0 HIT:          0 MISS:          0
cpu0_L2C WRITE        ACCESS:    1244921 HIT:          0 MISS:    1244921
cpu0_L2C TRANSLATION  ACCESS:        966 HIT:        965 MISS:          1
cpu0_L2C PREFETCH REQUESTED:          0 ISSUED:          0 USEFUL:          0 USELESS:          0
cpu0_L2C AVERAGE MISS LATENCY: 1.482e+13 cycles
cpu0_STLB TOTAL        ACCESS:     435090 HIT:     429721 MISS:       5369
cpu0_STLB LOAD         ACCESS:     435090 HIT:     429721 MISS:       5369
cpu0_STLB RFO          ACCESS:          0 HIT:          0 MISS:          0
cpu0_STLB PREFETCH     ACCESS:          0 HIT:          0 MISS:          0
cpu0_STLB WRITE        ACCESS:          0 HIT:          0 MISS:          0
cpu0_STLB TRANSLATION  ACCESS:          0 HIT:          0 MISS:          0
cpu0_STLB PREFETCH REQUESTED:          0 ISSUED:          0 USEFUL:          0 USELESS:          0
cpu0_STLB AVERAGE MISS LATENCY: 330.6 cycles

DRAM Statistics

Channel 0 RQ ROW_BUFFER_HIT:      54204
  ROW_BUFFER_MISS:     418654
 AVG DBUS CONGESTED CYCLE: 3.97
WQ ROW_BUFFER_HIT: Channel 0 
  ROW_BUFFER_MISS:       7980
  FULL:     465280
