Constructor called
WARNING: physical memory size is smaller than virtual memory size.

*** ChampSim Multicore Out-of-Order Simulator ***
Warmup Instructions: 25000000
Simulation Instructions: 25000000
Number of CPUs: 1
Page size: 4096

Constructor called
Off-chip DRAM Size: 4 GiB Channels: 1 Width: 64-bit Data Race: 3200 MT/s
Heartbeat CPU 0 instructions: 10000003 cycles: 2500802 heartbeat IPC: 3.999 cumulative IPC: 3.999 (Simulation time: 00 hr 00 min 21 sec)
Heartbeat CPU 0 instructions: 20000003 cycles: 5002395 heartbeat IPC: 3.997 cumulative IPC: 3.998 (Simulation time: 00 hr 00 min 43 sec)
Warmup finished CPU 0 instructions: 25000003 cycles: 6253524 cumulative IPC: 3.998 (Simulation time: 00 hr 00 min 54 sec)
Warmup complete CPU 0 instructions: 25000003 cycles: 6253524 cumulative IPC: 3.998 (Simulation time: 00 hr 00 min 54 sec)
Heartbeat CPU 0 instructions: 30000003 cycles: 20952384 heartbeat IPC: 0.627 cumulative IPC: 0.3402 (Simulation time: 00 hr 01 min 52 sec)
Heartbeat CPU 0 instructions: 40000002 cycles: 48579011 heartbeat IPC: 0.362 cumulative IPC: 0.3544 (Simulation time: 00 hr 03 min 44 sec)
Heartbeat CPU 0 instructions: 50000003 cycles: 75418458 heartbeat IPC: 0.3726 cumulative IPC: 0.3615 (Simulation time: 00 hr 05 min 35 sec)
Simulation finished CPU 0 instructions: 25000000 cycles: 69164935 cumulative IPC: 0.3615 (Simulation time: 00 hr 05 min 35 sec)
Simulation complete CPU 0 instructions: 25000000 cycles: 69164935 cumulative IPC: 0.3615 (Simulation time: 00 hr 05 min 35 sec)

ChampSim completed all CPUs

=== Simulation ===
CPU 0 runs ../../../traces/sssp-10.trace.gz
Region of Interest Statistics

CPU 0 cumulative IPC: 0.3615 instructions: 25000000 cycles: 69164935
CPU 0 Branch Prediction Accuracy: 94.52% MPKI: 8.069 Average ROB Occupancy at Mispredict: 77.18
Branch type MPKI
BRANCH_DIRECT_JUMP: 0
BRANCH_INDIRECT: 0
BRANCH_CONDITIONAL: 8.07
BRANCH_DIRECT_CALL: 0
BRANCH_INDIRECT_CALL: 0
BRANCH_RETURN: 0

LLC TOTAL        ACCESS:    1495076 HIT:     517421 MISS:     977655
LLC LOAD         ACCESS:     507388 HIT:     507387 MISS:          1
LLC RFO          ACCESS:       9247 HIT:       9247 MISS:          0
LLC PREFETCH     ACCESS:          0 HIT:          0 MISS:          0
LLC WRITE        ACCESS:     977654 HIT:          0 MISS:     977654
LLC TRANSLATION  ACCESS:        787 HIT:        787 MISS:          0
LLC PREFETCH REQUESTED:          0 ISSUED:          0 USEFUL:          0 USELESS:          0
LLC AVERAGE MISS LATENCY: 1.887e+13 cycles
cpu0_DTLB TOTAL        ACCESS:    5577437 HIT:    4970044 MISS:     607393
cpu0_DTLB LOAD         ACCESS:    5577437 HIT:    4970044 MISS:     607393
cpu0_DTLB RFO          ACCESS:          0 HIT:          0 MISS:          0
cpu0_DTLB PREFETCH     ACCESS:          0 HIT:          0 MISS:          0
cpu0_DTLB WRITE        ACCESS:          0 HIT:          0 MISS:          0
cpu0_DTLB TRANSLATION  ACCESS:          0 HIT:          0 MISS:          0
cpu0_DTLB PREFETCH REQUESTED:          0 ISSUED:          0 USEFUL:          0 USELESS:          0
cpu0_DTLB AVERAGE MISS LATENCY: 7.809 cycles
cpu0_ITLB TOTAL        ACCESS:       1900 HIT:       1900 MISS:          0
cpu0_ITLB LOAD         ACCESS:       1900 HIT:       1900 MISS:          0
cpu0_ITLB RFO          ACCESS:          0 HIT:          0 MISS:          0
cpu0_ITLB PREFETCH     ACCESS:          0 HIT:          0 MISS:          0
cpu0_ITLB WRITE        ACCESS:          0 HIT:          0 MISS:          0
cpu0_ITLB TRANSLATION  ACCESS:          0 HIT:          0 MISS:          0
cpu0_ITLB PREFETCH REQUESTED:          0 ISSUED:          0 USEFUL:          0 USELESS:          0
cpu0_ITLB AVERAGE MISS LATENCY: -nan cycles
cpu0_L1D TOTAL        ACCESS:    7345164 HIT:    5462890 MISS:    1882274
cpu0_L1D LOAD         ACCESS:    6681577 HIT:    4968707 MISS:    1712870
cpu0_L1D RFO          ACCESS:          0 HIT:          0 MISS:          0
cpu0_L1D PREFETCH     ACCESS:          0 HIT:          0 MISS:          0
cpu0_L1D WRITE        ACCESS:     657502 HIT:     492850 MISS:     164652
cpu0_L1D TRANSLATION  ACCESS:       6085 HIT:       1333 MISS:       4752
cpu0_L1D PREFETCH REQUESTED:          0 ISSUED:          0 USEFUL:          0 USELESS:          0
cpu0_L1D AVERAGE MISS LATENCY: 100.2 cycles
cpu0_L1I TOTAL        ACCESS:       1992 HIT:       1992 MISS:          0
cpu0_L1I LOAD         ACCESS:       1992 HIT:       1992 MISS:          0
cpu0_L1I RFO          ACCESS:          0 HIT:          0 MISS:          0
cpu0_L1I PREFETCH     ACCESS:          0 HIT:          0 MISS:          0
cpu0_L1I WRITE        ACCESS:          0 HIT:          0 MISS:          0
cpu0_L1I TRANSLATION  ACCESS:          0 HIT:          0 MISS:          0
cpu0_L1I PREFETCH REQUESTED:          0 ISSUED:          0 USEFUL:          0 USELESS:          0
cpu0_L1I AVERAGE MISS LATENCY: -nan cycles
cpu0_L2C TOTAL        ACCESS:    1561341 HIT:     291852 MISS:    1269489
cpu0_L2C LOAD         ACCESS:     211925 HIT:     211900 MISS:         25
cpu0_L2C RFO          ACCESS:      79035 HIT:      79032 MISS:          3
cpu0_L2C PREFETCH     ACCESS:          0 HIT:          0 MISS:          0
cpu0_L2C WRITE        ACCESS:    1269461 HIT:          0 MISS:    1269461
cpu0_L2C TRANSLATION  ACCESS:        920 HIT:        920 MISS:          0
cpu0_L2C PREFETCH REQUESTED:          0 ISSUED:          0 USEFUL:          0 USELESS:          0
cpu0_L2C AVERAGE MISS LATENCY: 1.453e+13 cycles
cpu0_STLB TOTAL        ACCESS:     442390 HIT:     436988 MISS:       5402
cpu0_STLB LOAD         ACCESS:     442390 HIT:     436988 MISS:       5402
cpu0_STLB RFO          ACCESS:          0 HIT:          0 MISS:          0
cpu0_STLB PREFETCH     ACCESS:          0 HIT:          0 MISS:          0
cpu0_STLB WRITE        ACCESS:          0 HIT:          0 MISS:          0
cpu0_STLB TRANSLATION  ACCESS:          0 HIT:          0 MISS:          0
cpu0_STLB PREFETCH REQUESTED:          0 ISSUED:          0 USEFUL:          0 USELESS:          0
cpu0_STLB AVERAGE MISS LATENCY: 356.6 cycles

DRAM Statistics

Channel 0 RQ ROW_BUFFER_HIT:      53436
  ROW_BUFFER_MISS:     406248
 AVG DBUS CONGESTED CYCLE: 3.969
WQ ROW_BUFFER_HIT: Channel 0 
  ROW_BUFFER_MISS:       7198
  FULL:     453181
